Archive member included because of file (symbol)

c:/hu_armdevenv/dev_tools/yagarto/bin/../lib/gcc/arm-none-eabi/4.7.2/../../../../arm-none-eabi/lib\libm.a(lib_a-w_asin.o)
                              ./../Source/mpu6050dmp.o (asin)
c:/hu_armdevenv/dev_tools/yagarto/bin/../lib/gcc/arm-none-eabi/4.7.2/../../../../arm-none-eabi/lib\libm.a(lib_a-w_atan2.o)
                              ./../Source/mpu6050dmp.o (atan2)
c:/hu_armdevenv/dev_tools/yagarto/bin/../lib/gcc/arm-none-eabi/4.7.2/../../../../arm-none-eabi/lib\libm.a(lib_a-e_asin.o)
                              c:/hu_armdevenv/dev_tools/yagarto/bin/../lib/gcc/arm-none-eabi/4.7.2/../../../../arm-none-eabi/lib\libm.a(lib_a-w_asin.o) (__ieee754_asin)
c:/hu_armdevenv/dev_tools/yagarto/bin/../lib/gcc/arm-none-eabi/4.7.2/../../../../arm-none-eabi/lib\libm.a(lib_a-e_atan2.o)
                              c:/hu_armdevenv/dev_tools/yagarto/bin/../lib/gcc/arm-none-eabi/4.7.2/../../../../arm-none-eabi/lib\libm.a(lib_a-w_atan2.o) (__ieee754_atan2)
c:/hu_armdevenv/dev_tools/yagarto/bin/../lib/gcc/arm-none-eabi/4.7.2/../../../../arm-none-eabi/lib\libm.a(lib_a-e_sqrt.o)
                              c:/hu_armdevenv/dev_tools/yagarto/bin/../lib/gcc/arm-none-eabi/4.7.2/../../../../arm-none-eabi/lib\libm.a(lib_a-e_asin.o) (__ieee754_sqrt)
c:/hu_armdevenv/dev_tools/yagarto/bin/../lib/gcc/arm-none-eabi/4.7.2/../../../../arm-none-eabi/lib\libm.a(lib_a-s_atan.o)
                              c:/hu_armdevenv/dev_tools/yagarto/bin/../lib/gcc/arm-none-eabi/4.7.2/../../../../arm-none-eabi/lib\libm.a(lib_a-e_atan2.o) (atan)
c:/hu_armdevenv/dev_tools/yagarto/bin/../lib/gcc/arm-none-eabi/4.7.2/../../../../arm-none-eabi/lib\libm.a(lib_a-s_fabs.o)
                              c:/hu_armdevenv/dev_tools/yagarto/bin/../lib/gcc/arm-none-eabi/4.7.2/../../../../arm-none-eabi/lib\libm.a(lib_a-w_asin.o) (fabs)
c:/hu_armdevenv/dev_tools/yagarto/bin/../lib/gcc/arm-none-eabi/4.7.2/../../../../arm-none-eabi/lib\libm.a(lib_a-s_fpclassify.o)
                              c:/hu_armdevenv/dev_tools/yagarto/bin/../lib/gcc/arm-none-eabi/4.7.2/../../../../arm-none-eabi/lib\libm.a(lib_a-w_asin.o) (__fpclassifyd)
c:/hu_armdevenv/dev_tools/yagarto/bin/../lib/gcc/arm-none-eabi/4.7.2/../../../../arm-none-eabi/lib\libm.a(lib_a-s_lib_ver.o)
                              c:/hu_armdevenv/dev_tools/yagarto/bin/../lib/gcc/arm-none-eabi/4.7.2/../../../../arm-none-eabi/lib\libm.a(lib_a-w_asin.o) (__fdlib_version)
c:/hu_armdevenv/dev_tools/yagarto/bin/../lib/gcc/arm-none-eabi/4.7.2/../../../../arm-none-eabi/lib\libm.a(lib_a-s_matherr.o)
                              c:/hu_armdevenv/dev_tools/yagarto/bin/../lib/gcc/arm-none-eabi/4.7.2/../../../../arm-none-eabi/lib\libm.a(lib_a-w_asin.o) (matherr)
c:/hu_armdevenv/dev_tools/yagarto/bin/../lib/gcc/arm-none-eabi/4.7.2/../../../../arm-none-eabi/lib\libm.a(lib_a-s_nan.o)
                              c:/hu_armdevenv/dev_tools/yagarto/bin/../lib/gcc/arm-none-eabi/4.7.2/../../../../arm-none-eabi/lib\libm.a(lib_a-w_asin.o) (nan)
c:/hu_armdevenv/dev_tools/yagarto/bin/../lib/gcc/arm-none-eabi/4.7.2\libgcc.a(_udivsi3.o)
                              ./../Source/uart.o (__aeabi_uidiv)
c:/hu_armdevenv/dev_tools/yagarto/bin/../lib/gcc/arm-none-eabi/4.7.2\libgcc.a(_dvmd_tls.o)
                              c:/hu_armdevenv/dev_tools/yagarto/bin/../lib/gcc/arm-none-eabi/4.7.2\libgcc.a(_udivsi3.o) (__aeabi_idiv0)
c:/hu_armdevenv/dev_tools/yagarto/bin/../lib/gcc/arm-none-eabi/4.7.2\libgcc.a(_arm_addsubdf3.o)
                              ./../Source/mpu6050dmp.o (__aeabi_dsub)
c:/hu_armdevenv/dev_tools/yagarto/bin/../lib/gcc/arm-none-eabi/4.7.2\libgcc.a(_arm_muldivdf3.o)
                              ./../Source/main.o (__aeabi_dmul)
c:/hu_armdevenv/dev_tools/yagarto/bin/../lib/gcc/arm-none-eabi/4.7.2\libgcc.a(_arm_cmpdf2.o)
                              c:/hu_armdevenv/dev_tools/yagarto/bin/../lib/gcc/arm-none-eabi/4.7.2/../../../../arm-none-eabi/lib\libm.a(lib_a-w_asin.o) (__aeabi_dcmpgt)
c:/hu_armdevenv/dev_tools/yagarto/bin/../lib/gcc/arm-none-eabi/4.7.2\libgcc.a(_arm_fixdfsi.o)
                              ./../Source/main.o (__aeabi_d2iz)
c:/hu_armdevenv/dev_tools/yagarto/bin/../lib/gcc/arm-none-eabi/4.7.2/../../../../arm-none-eabi/lib\libg.a(lib_a-errno.o)
                              c:/hu_armdevenv/dev_tools/yagarto/bin/../lib/gcc/arm-none-eabi/4.7.2/../../../../arm-none-eabi/lib\libm.a(lib_a-w_asin.o) (__errno)
c:/hu_armdevenv/dev_tools/yagarto/bin/../lib/gcc/arm-none-eabi/4.7.2/../../../../arm-none-eabi/lib\libg.a(lib_a-impure.o)
                              c:/hu_armdevenv/dev_tools/yagarto/bin/../lib/gcc/arm-none-eabi/4.7.2/../../../../arm-none-eabi/lib\libg.a(lib_a-errno.o) (_impure_ptr)

Allocating common symbols
Common symbol       size              file

MRF24_Rx_Data       0x8f              ./../Source/MRF24J40.o
buffer              0xe               ./../Source/mpu6050.o
adres2              0x4               ./../Source/MRF24J40.o
dmpPacketBuffer     0x4               ./../Source/mpu6050dmp.o
mpu6050_fifoBuffer  0x40              ./../Source/mpu6050dmp.o

Memory Configuration

Name             Origin             Length             Attributes
rom              0x00000000         0x0007e000
ram              0x40000000         0x00008000
*default*        0x00000000         0xffffffff

Linker script and memory map

LOAD crt0.o
                0x00008000                __ram_size__ = 0x8000
                0x00000100                __STACK_SIZE_FIQ__ = 0x100
                0x00000100                __STACK_SIZE_IRQ__ = 0x100
                0x00000004                __STACK_SIZE_SUPERVISOR__ = 0x4
                0x00000004                __STACK_SIZE_ABORT__ = 0x4
                0x00000004                __STACK_SIZE_UNDEFINED__ = 0x4
                0x40007df0                __stack_end__ = (((((((0x40000000 + __ram_size__) - 0x4) - __STACK_SIZE_FIQ__) - __STACK_SIZE_IRQ__) - __STACK_SIZE_SUPERVISOR__) - __STACK_SIZE_ABORT__) - __STACK_SIZE_UNDEFINED__)
                0x40007df4                __stack_end_undefined__ = ((((((0x40000000 + __ram_size__) - 0x4) - __STACK_SIZE_FIQ__) - __STACK_SIZE_IRQ__) - __STACK_SIZE_SUPERVISOR__) - __STACK_SIZE_ABORT__)
                0x40007df8                __stack_end_abort__ = (((((0x40000000 + __ram_size__) - 0x4) - __STACK_SIZE_FIQ__) - __STACK_SIZE_IRQ__) - __STACK_SIZE_SUPERVISOR__)
                0x40007dfc                __stack_end_supervisor__ = ((((0x40000000 + __ram_size__) - 0x4) - __STACK_SIZE_FIQ__) - __STACK_SIZE_IRQ__)
                0x40007efc                __stack_end_irq__ = (((0x40000000 + __ram_size__) - 0x4) - __STACK_SIZE_FIQ__)
                0x40007ffc                __stack_end_fiq__ = ((0x40000000 + __ram_size__) - 0x4)
                0x00000000                . = 0x0

startup
 *(.startup)

.text           0x00000000     0x7464
 *(EXCLUDE_FILE(*text.iwram*) .text)
 .text          0x00000000      0x190 crt0.o
                0x00000000                _start
                0x0000002c                FIQHandler
                0x00000068                __disable_interrupts
                0x00000078                __enable_interrupts
 .text          0x00000190      0x124 ./../Source/delay.o
                0x00000190                delay_us
                0x000001ec                delay_ms
                0x00000250                delay_s
 .text          0x000002b4      0xdec ./../Source/I2C.o
                0x000002b4                i2cCheckStatus
                0x0000030c                i2cInit
                0x000003b0                i2cStart
                0x00000470                i2cRepeatStart
                0x0000053c                i2cStop
                0x000005ac                i2cPutChar
                0x00000634                i2cGetChar
                0x00000720                i2cWrite
                0x00000940                i2cWriteBits
                0x00000a4c                i2cWriteBit
                0x00000b20                i2cWaitTransmit
                0x00000b90                i2cWriteWithWait
                0x00000c18                i2cMyWrite
                0x00000d18                i2cRead
                0x00000fb4                i2cReadBits
 .text          0x000010a0      0x254 ./../Source/keys.o
                0x000010a0                InitKeys
                0x000011b0                ReadKeys
 .text          0x000012f4      0x4bc ./../Source/lcd.o
                0x000012f4                lcd_wait
                0x00001344                lcd_out_data4
                0x0000139c                lcd_write_nibbles
                0x00001444                lcd_write_control
                0x0000148c                lcd_init
                0x00001558                lcd_putchar
                0x0000159c                lcd_print
                0x0000167c                lcd_clear
                0x00001698                lcd_cursor_home
                0x000016b4                lcd_display_on
                0x000016d0                lcd_display_off
                0x000016ec                lcd_cursor_blink
                0x00001708                lcd_cursor_on
                0x00001724                lcd_cursor_off
                0x00001740                lcd_cursor_left
                0x0000175c                lcd_cursor_right
                0x00001778                lcd_display_sleft
                0x00001794                lcd_display_sright
 .text          0x000017b0      0x110 ./../Source/leds.o
                0x000017b0                LED_init
                0x0000180c                LED_put
 .text          0x000018c0      0x4e0 ./../Source/main.o
                0x000018c0                main
                0x00001cc8                init_interrupt
                0x00001d5c                mpu6050_interrupt
 .text          0x00001da0      0xff8 ./../Source/mpu6050.o
                0x00001da0                mpu6050_init
                0x00001e70                mpu6050_setMemoryBank
                0x00001efc                mpu6050_setMemoryStartAddress
                0x00001f40                mpu6050_readMemoryBlock
                0x000020c0                mpu6050_writeMemoryBlock
                0x000022e8                mpu6050_writeDMPConfigurationSet
                0x000025d0                mpu6050_getFIFOCount
                0x0000265c                mpu6050_getFIFOBytes
                0x000026a8                mpu6050_getIntStatus
                0x000026f4                mpu6050_resetFIFO
                0x0000272c                mpu6050_getXGyroOffset
                0x00002780                mpu6050_setXGyroOffset
                0x000027c8                mpu6050_getYGyroOffset
                0x0000281c                mpu6050_setYGyroOffset
                0x00002864                mpu6050_getZGyroOffset
                0x000028b8                mpu6050_setZGyroOffset
                0x00002900                mpu6050_setSleepDisabled
                0x00002938                mpu6050_setSleepEnabled
                0x00002970                mpu6050_testConnection
                0x000029d8                mpu6050_getRawData
                0x00002b70                mpu6050_getConvData
 .text          0x00002d98     0x1074 ./../Source/mpu6050dmp.o
                0x00002d98                mpu6050_dmpInitialize
                0x000036c4                mpu6050_dmpEnable
                0x000036fc                mpu6050_dmpDisable
                0x00003734                mpu6050_getQuaternion
                0x000038d4                mpu6050_getRollPitchYaw
                0x00003c90                mpu6050_getQuaternionWait
 .text          0x00003e0c      0xca0 ./../Source/MRF24J40.o
                0x00003e0c                MRF24J40_init
                0x00004080                MRF24J40_send_byte
                0x000040c0                MRF24J40_send_string
                0x0000412c                MRF24J40_send
                0x00004310                MRF24J40_receive
                0x0000441c                MRF24J40_interrupt
                0x000047c0                MRF24J40_error
                0x000047e8                MRF24_Write_Short
                0x00004820                MRF24_Read_Short
                0x0000487c                MRF24_Write_Long
                0x000048a8                MRF24_Read_Long
                0x000049d8                MRF24J40_sleep
                0x00004a04                MRF24J40_wake
                0x00004a40                StringCopy
 .text          0x00004aac       0xc8 ./../Source/pll.o
                0x00004aac                PLL_init
 .text          0x00004b74      0x2f4 ./../Source/spi.o
                0x00004b74                SPI_init
                0x00004c14                SPI_set_8_bit
                0x00004c58                SPI_set_12_bit
                0x00004c9c                SPI_set_16_bit
                0x00004ce0                SPI_set_low_speed
                0x00004d20                SPI_set_high_speed
                0x00004d60                SPI_get
                0x00004df4                SPI_put
 .text          0x00004e68      0x4b8 ./../Source/uart.o
                0x00004e68                UART_init
                0x00004ef0                UART_put
                0x00004fbc                UART_putchar
                0x0000500c                UART_putbin
                0x000050d4                UART_putint
                0x000050fc                UART_puthex
                0x00005124                UART_get
                0x0000517c                UART_get_unsigned
 .text          0x00005320      0x464 ./../Source/vic.o
                0x00005320                VicSetup
                0x000056fc                DisableVectorInt
                0x00005740                EnableVectorInt
 .text          0x00005784      0x110 c:/hu_armdevenv/dev_tools/yagarto/bin/../lib/gcc/arm-none-eabi/4.7.2/../../../../arm-none-eabi/lib\libm.a(lib_a-w_asin.o)
                0x00005784                asin
 .text          0x00005894       0x10 c:/hu_armdevenv/dev_tools/yagarto/bin/../lib/gcc/arm-none-eabi/4.7.2/../../../../arm-none-eabi/lib\libm.a(lib_a-w_atan2.o)
                0x00005894                atan2
 *fill*         0x000058a4        0x4 
 .text          0x000058a8      0x5f0 c:/hu_armdevenv/dev_tools/yagarto/bin/../lib/gcc/arm-none-eabi/4.7.2/../../../../arm-none-eabi/lib\libm.a(lib_a-e_asin.o)
                0x000058a8                __ieee754_asin
 .text          0x00005e98      0x2f0 c:/hu_armdevenv/dev_tools/yagarto/bin/../lib/gcc/arm-none-eabi/4.7.2/../../../../arm-none-eabi/lib\libm.a(lib_a-e_atan2.o)
                0x00005e98                __ieee754_atan2
 .text          0x00006188      0x23c c:/hu_armdevenv/dev_tools/yagarto/bin/../lib/gcc/arm-none-eabi/4.7.2/../../../../arm-none-eabi/lib\libm.a(lib_a-e_sqrt.o)
                0x00006188                __ieee754_sqrt
 *fill*         0x000063c4        0x4 
 .text          0x000063c8      0x490 c:/hu_armdevenv/dev_tools/yagarto/bin/../lib/gcc/arm-none-eabi/4.7.2/../../../../arm-none-eabi/lib\libm.a(lib_a-s_atan.o)
                0x000063c8                atan
 .text          0x00006858        0x8 c:/hu_armdevenv/dev_tools/yagarto/bin/../lib/gcc/arm-none-eabi/4.7.2/../../../../arm-none-eabi/lib\libm.a(lib_a-s_fabs.o)
                0x00006858                fabs
 .text          0x00006860       0x6c c:/hu_armdevenv/dev_tools/yagarto/bin/../lib/gcc/arm-none-eabi/4.7.2/../../../../arm-none-eabi/lib\libm.a(lib_a-s_fpclassify.o)
                0x00006860                __fpclassifyd
 .text          0x000068cc        0x0 c:/hu_armdevenv/dev_tools/yagarto/bin/../lib/gcc/arm-none-eabi/4.7.2/../../../../arm-none-eabi/lib\libm.a(lib_a-s_lib_ver.o)
 .text          0x000068cc        0x8 c:/hu_armdevenv/dev_tools/yagarto/bin/../lib/gcc/arm-none-eabi/4.7.2/../../../../arm-none-eabi/lib\libm.a(lib_a-s_matherr.o)
                0x000068cc                matherr
 .text          0x000068d4       0x10 c:/hu_armdevenv/dev_tools/yagarto/bin/../lib/gcc/arm-none-eabi/4.7.2/../../../../arm-none-eabi/lib\libm.a(lib_a-s_nan.o)
                0x000068d4                nan
 .text          0x000068e4      0x114 c:/hu_armdevenv/dev_tools/yagarto/bin/../lib/gcc/arm-none-eabi/4.7.2\libgcc.a(_udivsi3.o)
                0x000068e4                __aeabi_uidiv
                0x000068e4                __udivsi3
                0x000069d8                __aeabi_uidivmod
 .text          0x000069f8        0x4 c:/hu_armdevenv/dev_tools/yagarto/bin/../lib/gcc/arm-none-eabi/4.7.2\libgcc.a(_dvmd_tls.o)
                0x000069f8                __aeabi_idiv0
                0x000069f8                __aeabi_ldiv0
 .text          0x000069fc      0x41c c:/hu_armdevenv/dev_tools/yagarto/bin/../lib/gcc/arm-none-eabi/4.7.2\libgcc.a(_arm_addsubdf3.o)
                0x000069fc                __aeabi_drsub
                0x00006a04                __aeabi_dsub
                0x00006a04                __subdf3
                0x00006a08                __aeabi_dadd
                0x00006a08                __adddf3
                0x00006d18                __floatunsidf
                0x00006d18                __aeabi_ui2d
                0x00006d3c                __floatsidf
                0x00006d3c                __aeabi_i2d
                0x00006d64                __aeabi_f2d
                0x00006d64                __extendsfdf2
                0x00006da4                __floatundidf
                0x00006da4                __aeabi_ul2d
                0x00006db8                __floatdidf
                0x00006db8                __aeabi_l2d
 .text          0x00006e18      0x49c c:/hu_armdevenv/dev_tools/yagarto/bin/../lib/gcc/arm-none-eabi/4.7.2\libgcc.a(_arm_muldivdf3.o)
                0x00006e18                __aeabi_dmul
                0x00006e18                __muldf3
                0x000070a8                __divdf3
                0x000070a8                __aeabi_ddiv
 .text          0x000072b4      0x144 c:/hu_armdevenv/dev_tools/yagarto/bin/../lib/gcc/arm-none-eabi/4.7.2\libgcc.a(_arm_cmpdf2.o)
                0x000072b4                __gtdf2
                0x000072b4                __gedf2
                0x000072bc                __ltdf2
                0x000072bc                __ledf2
                0x000072c4                __nedf2
                0x000072c4                __eqdf2
                0x000072c4                __cmpdf2
                0x0000734c                __aeabi_cdrcmple
                0x00007368                __aeabi_cdcmpeq
                0x00007368                __aeabi_cdcmple
                0x00007380                __aeabi_dcmpeq
                0x00007398                __aeabi_dcmplt
                0x000073b0                __aeabi_dcmple
                0x000073c8                __aeabi_dcmpge
                0x000073e0                __aeabi_dcmpgt
 .text          0x000073f8       0x5c c:/hu_armdevenv/dev_tools/yagarto/bin/../lib/gcc/arm-none-eabi/4.7.2\libgcc.a(_arm_fixdfsi.o)
                0x000073f8                __aeabi_d2iz
                0x000073f8                __fixdfsi
 .text          0x00007454       0x10 c:/hu_armdevenv/dev_tools/yagarto/bin/../lib/gcc/arm-none-eabi/4.7.2/../../../../arm-none-eabi/lib\libg.a(lib_a-errno.o)
                0x00007454                __errno
 .text          0x00007464        0x0 c:/hu_armdevenv/dev_tools/yagarto/bin/../lib/gcc/arm-none-eabi/4.7.2/../../../../arm-none-eabi/lib\libg.a(lib_a-impure.o)
 *(.text.*)
 *(.stub)
 *(.gnu.warning)
 *(.gnu.linkonce.t*)
 *(.glue_7 .glue_7t)
 .glue_7        0x00000000        0x0 linker stubs
 .glue_7t       0x00000000        0x0 linker stubs
                0x00007464                . = ALIGN (0x4)

.vfp11_veneer   0x00007464        0x0
 .vfp11_veneer  0x00000000        0x0 linker stubs

.v4_bx          0x00007464        0x0
 .v4_bx         0x00000000        0x0 linker stubs

.iplt           0x00007464        0x0
 .iplt          0x00000000        0x0 crt0.o

.rodata         0x00007468      0x8d0
 *(.rodata)
 .rodata        0x00007468      0x87c ./../Source/mpu6050dmp.o
                0x00007468                mpu6050_dmpMemory
                0x00007bf4                mpu6050_dmpConfig
                0x00007cb4                mpu6050_dmpUpdates
 *fill*         0x00007ce4        0x4 
 .rodata        0x00007ce8       0x40 c:/hu_armdevenv/dev_tools/yagarto/bin/../lib/gcc/arm-none-eabi/4.7.2/../../../../arm-none-eabi/lib\libm.a(lib_a-s_atan.o)
 .rodata        0x00007d28        0x4 c:/hu_armdevenv/dev_tools/yagarto/bin/../lib/gcc/arm-none-eabi/4.7.2/../../../../arm-none-eabi/lib\libg.a(lib_a-impure.o)
                0x00007d28                _global_impure_ptr
 *all.rodata*(*)
 *(.roda)
 *(.rodata.*)
 .rodata.str1.4
                0x00007d2c        0x5 c:/hu_armdevenv/dev_tools/yagarto/bin/../lib/gcc/arm-none-eabi/4.7.2/../../../../arm-none-eabi/lib\libm.a(lib_a-w_asin.o)
                                  0xc (size before relaxing)
 *fill*         0x00007d31        0x3 
 .rodata.str1.4
                0x00007d34        0x4 c:/hu_armdevenv/dev_tools/yagarto/bin/../lib/gcc/arm-none-eabi/4.7.2/../../../../arm-none-eabi/lib\libg.a(lib_a-impure.o)
 *(.gnu.linkonce.r*)
                0x00007d38                . = ALIGN (0x4)
                0x00007d38                __ro_end = .

.rel.dyn        0x00007d38        0x0
 .rel.iplt      0x00000000        0x0 crt0.o

.data           0x40000000      0x470 load address 0x00007d38
                0x40000000                __data_beg__ = .
                0x00007d38                __data_beg_src__ = __ro_end
 *(.data)
 .data          0x40000000        0x0 crt0.o
 .data          0x40000000        0x0 ./../Source/delay.o
 .data          0x40000000        0x0 ./../Source/I2C.o
 .data          0x40000000        0x0 ./../Source/keys.o
 .data          0x40000000        0x0 ./../Source/lcd.o
 .data          0x40000000        0x0 ./../Source/leds.o
 .data          0x40000000        0x0 ./../Source/main.o
 .data          0x40000000        0x0 ./../Source/mpu6050.o
 .data          0x40000000        0x0 ./../Source/mpu6050dmp.o
 .data          0x40000000       0x2c ./../Source/MRF24J40.o
                0x40000000                Received_Dataext
                0x4000002a                errors
 .data          0x4000002c        0x0 ./../Source/pll.o
 .data          0x4000002c        0x0 ./../Source/spi.o
 .data          0x4000002c       0x10 ./../Source/uart.o
 .data          0x4000003c        0x0 ./../Source/vic.o
 .data          0x4000003c        0x0 c:/hu_armdevenv/dev_tools/yagarto/bin/../lib/gcc/arm-none-eabi/4.7.2/../../../../arm-none-eabi/lib\libm.a(lib_a-w_asin.o)
 .data          0x4000003c        0x0 c:/hu_armdevenv/dev_tools/yagarto/bin/../lib/gcc/arm-none-eabi/4.7.2/../../../../arm-none-eabi/lib\libm.a(lib_a-w_atan2.o)
 .data          0x4000003c        0x0 c:/hu_armdevenv/dev_tools/yagarto/bin/../lib/gcc/arm-none-eabi/4.7.2/../../../../arm-none-eabi/lib\libm.a(lib_a-e_asin.o)
 .data          0x4000003c        0x0 c:/hu_armdevenv/dev_tools/yagarto/bin/../lib/gcc/arm-none-eabi/4.7.2/../../../../arm-none-eabi/lib\libm.a(lib_a-e_atan2.o)
 .data          0x4000003c        0x0 c:/hu_armdevenv/dev_tools/yagarto/bin/../lib/gcc/arm-none-eabi/4.7.2/../../../../arm-none-eabi/lib\libm.a(lib_a-e_sqrt.o)
 .data          0x4000003c        0x0 c:/hu_armdevenv/dev_tools/yagarto/bin/../lib/gcc/arm-none-eabi/4.7.2/../../../../arm-none-eabi/lib\libm.a(lib_a-s_atan.o)
 .data          0x4000003c        0x0 c:/hu_armdevenv/dev_tools/yagarto/bin/../lib/gcc/arm-none-eabi/4.7.2/../../../../arm-none-eabi/lib\libm.a(lib_a-s_fabs.o)
 .data          0x4000003c        0x0 c:/hu_armdevenv/dev_tools/yagarto/bin/../lib/gcc/arm-none-eabi/4.7.2/../../../../arm-none-eabi/lib\libm.a(lib_a-s_fpclassify.o)
 .data          0x4000003c        0x1 c:/hu_armdevenv/dev_tools/yagarto/bin/../lib/gcc/arm-none-eabi/4.7.2/../../../../arm-none-eabi/lib\libm.a(lib_a-s_lib_ver.o)
                0x4000003c                __fdlib_version
 .data          0x4000003d        0x0 c:/hu_armdevenv/dev_tools/yagarto/bin/../lib/gcc/arm-none-eabi/4.7.2/../../../../arm-none-eabi/lib\libm.a(lib_a-s_matherr.o)
 .data          0x4000003d        0x0 c:/hu_armdevenv/dev_tools/yagarto/bin/../lib/gcc/arm-none-eabi/4.7.2/../../../../arm-none-eabi/lib\libm.a(lib_a-s_nan.o)
 .data          0x4000003d        0x0 c:/hu_armdevenv/dev_tools/yagarto/bin/../lib/gcc/arm-none-eabi/4.7.2\libgcc.a(_udivsi3.o)
 .data          0x4000003d        0x0 c:/hu_armdevenv/dev_tools/yagarto/bin/../lib/gcc/arm-none-eabi/4.7.2\libgcc.a(_dvmd_tls.o)
 .data          0x4000003d        0x0 c:/hu_armdevenv/dev_tools/yagarto/bin/../lib/gcc/arm-none-eabi/4.7.2\libgcc.a(_arm_addsubdf3.o)
 .data          0x4000003d        0x0 c:/hu_armdevenv/dev_tools/yagarto/bin/../lib/gcc/arm-none-eabi/4.7.2\libgcc.a(_arm_muldivdf3.o)
 .data          0x4000003d        0x0 c:/hu_armdevenv/dev_tools/yagarto/bin/../lib/gcc/arm-none-eabi/4.7.2\libgcc.a(_arm_cmpdf2.o)
 .data          0x4000003d        0x0 c:/hu_armdevenv/dev_tools/yagarto/bin/../lib/gcc/arm-none-eabi/4.7.2\libgcc.a(_arm_fixdfsi.o)
 .data          0x4000003d        0x0 c:/hu_armdevenv/dev_tools/yagarto/bin/../lib/gcc/arm-none-eabi/4.7.2/../../../../arm-none-eabi/lib\libg.a(lib_a-errno.o)
 *fill*         0x4000003d        0x3 
 .data          0x40000040      0x430 c:/hu_armdevenv/dev_tools/yagarto/bin/../lib/gcc/arm-none-eabi/4.7.2/../../../../arm-none-eabi/lib\libg.a(lib_a-impure.o)
                0x40000040                _impure_ptr
 *(.data.*)
 *(.gnu.linkonce.d*)
                0x40000470                . = ALIGN (0x4)
                0x40000470                __data_end__ = .
                0x40000470                __data_end = .

.igot.plt       0x40000470        0x0 load address 0x000081a8
 .igot.plt      0x00000000        0x0 crt0.o

.bss            0x40000470       0xfc load address 0x000081a8
                0x40000470                __bss_start = .
                0x40000470                __bss_beg__ = .
 *(.bss)
 .bss           0x40000470        0x0 crt0.o
 .bss           0x40000470        0x0 ./../Source/delay.o
 .bss           0x40000470        0x0 ./../Source/I2C.o
 .bss           0x40000470        0x0 ./../Source/keys.o
 .bss           0x40000470        0x0 ./../Source/lcd.o
 .bss           0x40000470        0x0 ./../Source/leds.o
 .bss           0x40000470        0x0 ./../Source/main.o
 .bss           0x40000470        0x0 ./../Source/mpu6050.o
 .bss           0x40000470        0x6 ./../Source/mpu6050dmp.o
                0x40000470                mpu6050_mpuInterrupt
                0x40000472                mpu6050_fifoCount
                0x40000474                mpu6050_mpuIntStatus
 *fill*         0x40000476        0x2 
 .bss           0x40000478        0xc ./../Source/MRF24J40.o
                0x40000478                zenddoor
                0x4000047c                busy
                0x40000480                sequence_number
 .bss           0x40000484        0x0 ./../Source/pll.o
 .bss           0x40000484        0x0 ./../Source/spi.o
 .bss           0x40000484        0x0 ./../Source/uart.o
 .bss           0x40000484        0x0 ./../Source/vic.o
 .bss           0x40000484        0x0 c:/hu_armdevenv/dev_tools/yagarto/bin/../lib/gcc/arm-none-eabi/4.7.2/../../../../arm-none-eabi/lib\libm.a(lib_a-w_asin.o)
 .bss           0x40000484        0x0 c:/hu_armdevenv/dev_tools/yagarto/bin/../lib/gcc/arm-none-eabi/4.7.2/../../../../arm-none-eabi/lib\libm.a(lib_a-w_atan2.o)
 .bss           0x40000484        0x0 c:/hu_armdevenv/dev_tools/yagarto/bin/../lib/gcc/arm-none-eabi/4.7.2/../../../../arm-none-eabi/lib\libm.a(lib_a-e_asin.o)
 .bss           0x40000484        0x0 c:/hu_armdevenv/dev_tools/yagarto/bin/../lib/gcc/arm-none-eabi/4.7.2/../../../../arm-none-eabi/lib\libm.a(lib_a-e_atan2.o)
 .bss           0x40000484        0x0 c:/hu_armdevenv/dev_tools/yagarto/bin/../lib/gcc/arm-none-eabi/4.7.2/../../../../arm-none-eabi/lib\libm.a(lib_a-e_sqrt.o)
 .bss           0x40000484        0x0 c:/hu_armdevenv/dev_tools/yagarto/bin/../lib/gcc/arm-none-eabi/4.7.2/../../../../arm-none-eabi/lib\libm.a(lib_a-s_atan.o)
 .bss           0x40000484        0x0 c:/hu_armdevenv/dev_tools/yagarto/bin/../lib/gcc/arm-none-eabi/4.7.2/../../../../arm-none-eabi/lib\libm.a(lib_a-s_fabs.o)
 .bss           0x40000484        0x0 c:/hu_armdevenv/dev_tools/yagarto/bin/../lib/gcc/arm-none-eabi/4.7.2/../../../../arm-none-eabi/lib\libm.a(lib_a-s_fpclassify.o)
 .bss           0x40000484        0x0 c:/hu_armdevenv/dev_tools/yagarto/bin/../lib/gcc/arm-none-eabi/4.7.2/../../../../arm-none-eabi/lib\libm.a(lib_a-s_lib_ver.o)
 .bss           0x40000484        0x0 c:/hu_armdevenv/dev_tools/yagarto/bin/../lib/gcc/arm-none-eabi/4.7.2/../../../../arm-none-eabi/lib\libm.a(lib_a-s_matherr.o)
 .bss           0x40000484        0x0 c:/hu_armdevenv/dev_tools/yagarto/bin/../lib/gcc/arm-none-eabi/4.7.2/../../../../arm-none-eabi/lib\libm.a(lib_a-s_nan.o)
 .bss           0x40000484        0x0 c:/hu_armdevenv/dev_tools/yagarto/bin/../lib/gcc/arm-none-eabi/4.7.2\libgcc.a(_udivsi3.o)
 .bss           0x40000484        0x0 c:/hu_armdevenv/dev_tools/yagarto/bin/../lib/gcc/arm-none-eabi/4.7.2\libgcc.a(_dvmd_tls.o)
 .bss           0x40000484        0x0 c:/hu_armdevenv/dev_tools/yagarto/bin/../lib/gcc/arm-none-eabi/4.7.2\libgcc.a(_arm_addsubdf3.o)
 .bss           0x40000484        0x0 c:/hu_armdevenv/dev_tools/yagarto/bin/../lib/gcc/arm-none-eabi/4.7.2\libgcc.a(_arm_muldivdf3.o)
 .bss           0x40000484        0x0 c:/hu_armdevenv/dev_tools/yagarto/bin/../lib/gcc/arm-none-eabi/4.7.2\libgcc.a(_arm_cmpdf2.o)
 .bss           0x40000484        0x0 c:/hu_armdevenv/dev_tools/yagarto/bin/../lib/gcc/arm-none-eabi/4.7.2\libgcc.a(_arm_fixdfsi.o)
 .bss           0x40000484        0x0 c:/hu_armdevenv/dev_tools/yagarto/bin/../lib/gcc/arm-none-eabi/4.7.2/../../../../arm-none-eabi/lib\libg.a(lib_a-errno.o)
 .bss           0x40000484        0x0 c:/hu_armdevenv/dev_tools/yagarto/bin/../lib/gcc/arm-none-eabi/4.7.2/../../../../arm-none-eabi/lib\libg.a(lib_a-impure.o)
                0x40000484                . = ALIGN (0x4)
 COMMON         0x40000484        0xe ./../Source/mpu6050.o
                0x40000484                buffer
 *fill*         0x40000492        0x2 
 COMMON         0x40000494       0x44 ./../Source/mpu6050dmp.o
                0x40000494                dmpPacketBuffer
                0x40000498                mpu6050_fifoBuffer
 COMMON         0x400004d8       0x94 ./../Source/MRF24J40.o
                0x400004d8                MRF24_Rx_Data
                0x40000568                adres2
                0x4000056c                . = ALIGN (0x4)
                0x4000056c                _end = .
                0x4000056c                _bss_end__ = .
                0x4000056c                __bss_end__ = .
                0x4000056c                __end__ = .
                0x4000056c                __bss_end = .
                0x4000056c                PROVIDE (end, .)
LOAD ./../Source/delay.o
LOAD ./../Source/I2C.o
LOAD ./../Source/keys.o
LOAD ./../Source/lcd.o
LOAD ./../Source/leds.o
LOAD ./../Source/main.o
LOAD ./../Source/mpu6050.o
LOAD ./../Source/mpu6050dmp.o
LOAD ./../Source/MRF24J40.o
LOAD ./../Source/pll.o
LOAD ./../Source/spi.o
LOAD ./../Source/uart.o
LOAD ./../Source/vic.o
LOAD c:/hu_armdevenv/dev_tools/yagarto/bin/../lib/gcc/arm-none-eabi/4.7.2/../../../../arm-none-eabi/lib\libm.a
START GROUP
LOAD c:/hu_armdevenv/dev_tools/yagarto/bin/../lib/gcc/arm-none-eabi/4.7.2\libgcc.a
LOAD c:/hu_armdevenv/dev_tools/yagarto/bin/../lib/gcc/arm-none-eabi/4.7.2/../../../../arm-none-eabi/lib\libg.a
LOAD c:/hu_armdevenv/dev_tools/yagarto/bin/../lib/gcc/arm-none-eabi/4.7.2/../../../../arm-none-eabi/lib\libc.a
END GROUP
OUTPUT(./../Build/Project.elf elf32-littlearm)

.ARM.attributes
                0x00000000       0x2c
 .ARM.attributes
                0x00000000       0x14 crt0.o
 .ARM.attributes
                0x00000014       0x30 ./../Source/delay.o
 .ARM.attributes
                0x00000044       0x30 ./../Source/I2C.o
 .ARM.attributes
                0x00000074       0x30 ./../Source/keys.o
 .ARM.attributes
                0x000000a4       0x30 ./../Source/lcd.o
 .ARM.attributes
                0x000000d4       0x30 ./../Source/leds.o
 .ARM.attributes
                0x00000104       0x30 ./../Source/main.o
 .ARM.attributes
                0x00000134       0x30 ./../Source/mpu6050.o
 .ARM.attributes
                0x00000164       0x30 ./../Source/mpu6050dmp.o
 .ARM.attributes
                0x00000194       0x30 ./../Source/MRF24J40.o
 .ARM.attributes
                0x000001c4       0x30 ./../Source/pll.o
 .ARM.attributes
                0x000001f4       0x30 ./../Source/spi.o
 .ARM.attributes
                0x00000224       0x30 ./../Source/uart.o
 .ARM.attributes
                0x00000254       0x30 ./../Source/vic.o
 .ARM.attributes
                0x00000284       0x30 c:/hu_armdevenv/dev_tools/yagarto/bin/../lib/gcc/arm-none-eabi/4.7.2/../../../../arm-none-eabi/lib\libm.a(lib_a-w_asin.o)
 .ARM.attributes
                0x000002b4       0x30 c:/hu_armdevenv/dev_tools/yagarto/bin/../lib/gcc/arm-none-eabi/4.7.2/../../../../arm-none-eabi/lib\libm.a(lib_a-w_atan2.o)
 .ARM.attributes
                0x000002e4       0x30 c:/hu_armdevenv/dev_tools/yagarto/bin/../lib/gcc/arm-none-eabi/4.7.2/../../../../arm-none-eabi/lib\libm.a(lib_a-e_asin.o)
 .ARM.attributes
                0x00000314       0x30 c:/hu_armdevenv/dev_tools/yagarto/bin/../lib/gcc/arm-none-eabi/4.7.2/../../../../arm-none-eabi/lib\libm.a(lib_a-e_atan2.o)
 .ARM.attributes
                0x00000344       0x30 c:/hu_armdevenv/dev_tools/yagarto/bin/../lib/gcc/arm-none-eabi/4.7.2/../../../../arm-none-eabi/lib\libm.a(lib_a-e_sqrt.o)
 .ARM.attributes
                0x00000374       0x30 c:/hu_armdevenv/dev_tools/yagarto/bin/../lib/gcc/arm-none-eabi/4.7.2/../../../../arm-none-eabi/lib\libm.a(lib_a-s_atan.o)
 .ARM.attributes
                0x000003a4       0x30 c:/hu_armdevenv/dev_tools/yagarto/bin/../lib/gcc/arm-none-eabi/4.7.2/../../../../arm-none-eabi/lib\libm.a(lib_a-s_fabs.o)
 .ARM.attributes
                0x000003d4       0x30 c:/hu_armdevenv/dev_tools/yagarto/bin/../lib/gcc/arm-none-eabi/4.7.2/../../../../arm-none-eabi/lib\libm.a(lib_a-s_fpclassify.o)
 .ARM.attributes
                0x00000404       0x30 c:/hu_armdevenv/dev_tools/yagarto/bin/../lib/gcc/arm-none-eabi/4.7.2/../../../../arm-none-eabi/lib\libm.a(lib_a-s_lib_ver.o)
 .ARM.attributes
                0x00000434       0x30 c:/hu_armdevenv/dev_tools/yagarto/bin/../lib/gcc/arm-none-eabi/4.7.2/../../../../arm-none-eabi/lib\libm.a(lib_a-s_matherr.o)
 .ARM.attributes
                0x00000464       0x30 c:/hu_armdevenv/dev_tools/yagarto/bin/../lib/gcc/arm-none-eabi/4.7.2/../../../../arm-none-eabi/lib\libm.a(lib_a-s_nan.o)
 .ARM.attributes
                0x00000494       0x18 c:/hu_armdevenv/dev_tools/yagarto/bin/../lib/gcc/arm-none-eabi/4.7.2\libgcc.a(_udivsi3.o)
 .ARM.attributes
                0x000004ac       0x18 c:/hu_armdevenv/dev_tools/yagarto/bin/../lib/gcc/arm-none-eabi/4.7.2\libgcc.a(_dvmd_tls.o)
 .ARM.attributes
                0x000004c4       0x18 c:/hu_armdevenv/dev_tools/yagarto/bin/../lib/gcc/arm-none-eabi/4.7.2\libgcc.a(_arm_addsubdf3.o)
 .ARM.attributes
                0x000004dc       0x18 c:/hu_armdevenv/dev_tools/yagarto/bin/../lib/gcc/arm-none-eabi/4.7.2\libgcc.a(_arm_muldivdf3.o)
 .ARM.attributes
                0x000004f4       0x18 c:/hu_armdevenv/dev_tools/yagarto/bin/../lib/gcc/arm-none-eabi/4.7.2\libgcc.a(_arm_cmpdf2.o)
 .ARM.attributes
                0x0000050c       0x18 c:/hu_armdevenv/dev_tools/yagarto/bin/../lib/gcc/arm-none-eabi/4.7.2\libgcc.a(_arm_fixdfsi.o)
 .ARM.attributes
                0x00000524       0x30 c:/hu_armdevenv/dev_tools/yagarto/bin/../lib/gcc/arm-none-eabi/4.7.2/../../../../arm-none-eabi/lib\libg.a(lib_a-errno.o)
 .ARM.attributes
                0x00000554       0x30 c:/hu_armdevenv/dev_tools/yagarto/bin/../lib/gcc/arm-none-eabi/4.7.2/../../../../arm-none-eabi/lib\libg.a(lib_a-impure.o)

.comment        0x00000000       0x11
 .comment       0x00000000       0x11 ./../Source/delay.o
                                 0x12 (size before relaxing)
 .comment       0x00000000       0x12 ./../Source/I2C.o
 .comment       0x00000000       0x12 ./../Source/keys.o
 .comment       0x00000000       0x12 ./../Source/lcd.o
 .comment       0x00000000       0x12 ./../Source/leds.o
 .comment       0x00000000       0x12 ./../Source/main.o
 .comment       0x00000000       0x12 ./../Source/mpu6050.o
 .comment       0x00000000       0x12 ./../Source/mpu6050dmp.o
 .comment       0x00000000       0x12 ./../Source/MRF24J40.o
 .comment       0x00000000       0x12 ./../Source/pll.o
 .comment       0x00000000       0x12 ./../Source/spi.o
 .comment       0x00000000       0x12 ./../Source/uart.o
 .comment       0x00000000       0x12 ./../Source/vic.o
 .comment       0x00000000       0x12 c:/hu_armdevenv/dev_tools/yagarto/bin/../lib/gcc/arm-none-eabi/4.7.2/../../../../arm-none-eabi/lib\libm.a(lib_a-w_asin.o)
 .comment       0x00000000       0x12 c:/hu_armdevenv/dev_tools/yagarto/bin/../lib/gcc/arm-none-eabi/4.7.2/../../../../arm-none-eabi/lib\libm.a(lib_a-w_atan2.o)
 .comment       0x00000000       0x12 c:/hu_armdevenv/dev_tools/yagarto/bin/../lib/gcc/arm-none-eabi/4.7.2/../../../../arm-none-eabi/lib\libm.a(lib_a-e_asin.o)
 .comment       0x00000000       0x12 c:/hu_armdevenv/dev_tools/yagarto/bin/../lib/gcc/arm-none-eabi/4.7.2/../../../../arm-none-eabi/lib\libm.a(lib_a-e_atan2.o)
 .comment       0x00000000       0x12 c:/hu_armdevenv/dev_tools/yagarto/bin/../lib/gcc/arm-none-eabi/4.7.2/../../../../arm-none-eabi/lib\libm.a(lib_a-e_sqrt.o)
 .comment       0x00000000       0x12 c:/hu_armdevenv/dev_tools/yagarto/bin/../lib/gcc/arm-none-eabi/4.7.2/../../../../arm-none-eabi/lib\libm.a(lib_a-s_atan.o)
 .comment       0x00000000       0x12 c:/hu_armdevenv/dev_tools/yagarto/bin/../lib/gcc/arm-none-eabi/4.7.2/../../../../arm-none-eabi/lib\libm.a(lib_a-s_fabs.o)
 .comment       0x00000000       0x12 c:/hu_armdevenv/dev_tools/yagarto/bin/../lib/gcc/arm-none-eabi/4.7.2/../../../../arm-none-eabi/lib\libm.a(lib_a-s_fpclassify.o)
 .comment       0x00000000       0x12 c:/hu_armdevenv/dev_tools/yagarto/bin/../lib/gcc/arm-none-eabi/4.7.2/../../../../arm-none-eabi/lib\libm.a(lib_a-s_lib_ver.o)
 .comment       0x00000000       0x12 c:/hu_armdevenv/dev_tools/yagarto/bin/../lib/gcc/arm-none-eabi/4.7.2/../../../../arm-none-eabi/lib\libm.a(lib_a-s_matherr.o)
 .comment       0x00000000       0x12 c:/hu_armdevenv/dev_tools/yagarto/bin/../lib/gcc/arm-none-eabi/4.7.2/../../../../arm-none-eabi/lib\libm.a(lib_a-s_nan.o)
 .comment       0x00000000       0x12 c:/hu_armdevenv/dev_tools/yagarto/bin/../lib/gcc/arm-none-eabi/4.7.2/../../../../arm-none-eabi/lib\libg.a(lib_a-errno.o)
 .comment       0x00000000       0x12 c:/hu_armdevenv/dev_tools/yagarto/bin/../lib/gcc/arm-none-eabi/4.7.2/../../../../arm-none-eabi/lib\libg.a(lib_a-impure.o)

.debug_info     0x00000000     0x49f4
 .debug_info    0x00000000       0xcd ./../Source/delay.o
 .debug_info    0x000000cd      0x52c ./../Source/I2C.o
 .debug_info    0x000005f9       0xa0 ./../Source/keys.o
 .debug_info    0x00000699      0x271 ./../Source/lcd.o
 .debug_info    0x0000090a       0x78 ./../Source/leds.o
 .debug_info    0x00000982      0x1ff ./../Source/main.o
 .debug_info    0x00000b81      0x7b9 ./../Source/mpu6050.o
 .debug_info    0x0000133a      0x3e8 ./../Source/mpu6050dmp.o
 .debug_info    0x00001722      0x4dd ./../Source/MRF24J40.o
 .debug_info    0x00001bff       0x3c ./../Source/pll.o
 .debug_info    0x00001c3b      0x136 ./../Source/spi.o
 .debug_info    0x00001d71      0x242 ./../Source/uart.o
 .debug_info    0x00001fb3       0xd9 ./../Source/vic.o
 .debug_info    0x0000208c      0x281 c:/hu_armdevenv/dev_tools/yagarto/bin/../lib/gcc/arm-none-eabi/4.7.2/../../../../arm-none-eabi/lib\libm.a(lib_a-w_asin.o)
 .debug_info    0x0000230d      0x107 c:/hu_armdevenv/dev_tools/yagarto/bin/../lib/gcc/arm-none-eabi/4.7.2/../../../../arm-none-eabi/lib\libm.a(lib_a-w_atan2.o)
 .debug_info    0x00002414      0x368 c:/hu_armdevenv/dev_tools/yagarto/bin/../lib/gcc/arm-none-eabi/4.7.2/../../../../arm-none-eabi/lib\libm.a(lib_a-e_asin.o)
 .debug_info    0x0000277c      0x2d0 c:/hu_armdevenv/dev_tools/yagarto/bin/../lib/gcc/arm-none-eabi/4.7.2/../../../../arm-none-eabi/lib\libm.a(lib_a-e_atan2.o)
 .debug_info    0x00002a4c      0x23a c:/hu_armdevenv/dev_tools/yagarto/bin/../lib/gcc/arm-none-eabi/4.7.2/../../../../arm-none-eabi/lib\libm.a(lib_a-e_sqrt.o)
 .debug_info    0x00002c86      0x25a c:/hu_armdevenv/dev_tools/yagarto/bin/../lib/gcc/arm-none-eabi/4.7.2/../../../../arm-none-eabi/lib\libm.a(lib_a-s_atan.o)
 .debug_info    0x00002ee0      0x13a c:/hu_armdevenv/dev_tools/yagarto/bin/../lib/gcc/arm-none-eabi/4.7.2/../../../../arm-none-eabi/lib\libm.a(lib_a-s_fabs.o)
 .debug_info    0x0000301a       0xdf c:/hu_armdevenv/dev_tools/yagarto/bin/../lib/gcc/arm-none-eabi/4.7.2/../../../../arm-none-eabi/lib\libm.a(lib_a-s_fpclassify.o)
 .debug_info    0x000030f9       0xc0 c:/hu_armdevenv/dev_tools/yagarto/bin/../lib/gcc/arm-none-eabi/4.7.2/../../../../arm-none-eabi/lib\libm.a(lib_a-s_lib_ver.o)
 .debug_info    0x000031b9      0x139 c:/hu_armdevenv/dev_tools/yagarto/bin/../lib/gcc/arm-none-eabi/4.7.2/../../../../arm-none-eabi/lib\libm.a(lib_a-s_matherr.o)
 .debug_info    0x000032f2       0xd5 c:/hu_armdevenv/dev_tools/yagarto/bin/../lib/gcc/arm-none-eabi/4.7.2/../../../../arm-none-eabi/lib\libm.a(lib_a-s_nan.o)
 .debug_info    0x000033c7       0x91 c:/hu_armdevenv/dev_tools/yagarto/bin/../lib/gcc/arm-none-eabi/4.7.2\libgcc.a(_udivsi3.o)
 .debug_info    0x00003458       0x91 c:/hu_armdevenv/dev_tools/yagarto/bin/../lib/gcc/arm-none-eabi/4.7.2\libgcc.a(_dvmd_tls.o)
 .debug_info    0x000034e9       0x92 c:/hu_armdevenv/dev_tools/yagarto/bin/../lib/gcc/arm-none-eabi/4.7.2\libgcc.a(_arm_addsubdf3.o)
 .debug_info    0x0000357b       0x92 c:/hu_armdevenv/dev_tools/yagarto/bin/../lib/gcc/arm-none-eabi/4.7.2\libgcc.a(_arm_muldivdf3.o)
 .debug_info    0x0000360d       0x92 c:/hu_armdevenv/dev_tools/yagarto/bin/../lib/gcc/arm-none-eabi/4.7.2\libgcc.a(_arm_cmpdf2.o)
 .debug_info    0x0000369f       0x92 c:/hu_armdevenv/dev_tools/yagarto/bin/../lib/gcc/arm-none-eabi/4.7.2\libgcc.a(_arm_fixdfsi.o)
 .debug_info    0x00003731      0x95e c:/hu_armdevenv/dev_tools/yagarto/bin/../lib/gcc/arm-none-eabi/4.7.2/../../../../arm-none-eabi/lib\libg.a(lib_a-errno.o)
 .debug_info    0x0000408f      0x965 c:/hu_armdevenv/dev_tools/yagarto/bin/../lib/gcc/arm-none-eabi/4.7.2/../../../../arm-none-eabi/lib\libg.a(lib_a-impure.o)

.debug_abbrev   0x00000000     0x16dd
 .debug_abbrev  0x00000000       0x76 ./../Source/delay.o
 .debug_abbrev  0x00000076      0x12b ./../Source/I2C.o
 .debug_abbrev  0x000001a1       0x73 ./../Source/keys.o
 .debug_abbrev  0x00000214       0xac ./../Source/lcd.o
 .debug_abbrev  0x000002c0       0x6f ./../Source/leds.o
 .debug_abbrev  0x0000032f       0xd0 ./../Source/main.o
 .debug_abbrev  0x000003ff      0x137 ./../Source/mpu6050.o
 .debug_abbrev  0x00000536      0x122 ./../Source/mpu6050dmp.o
 .debug_abbrev  0x00000658      0x18d ./../Source/MRF24J40.o
 .debug_abbrev  0x000007e5       0x2c ./../Source/pll.o
 .debug_abbrev  0x00000811       0xb0 ./../Source/spi.o
 .debug_abbrev  0x000008c1      0x106 ./../Source/uart.o
 .debug_abbrev  0x000009c7       0x7c ./../Source/vic.o
 .debug_abbrev  0x00000a43      0x156 c:/hu_armdevenv/dev_tools/yagarto/bin/../lib/gcc/arm-none-eabi/4.7.2/../../../../arm-none-eabi/lib\libm.a(lib_a-w_asin.o)
 .debug_abbrev  0x00000b99       0x86 c:/hu_armdevenv/dev_tools/yagarto/bin/../lib/gcc/arm-none-eabi/4.7.2/../../../../arm-none-eabi/lib\libm.a(lib_a-w_atan2.o)
 .debug_abbrev  0x00000c1f      0x13d c:/hu_armdevenv/dev_tools/yagarto/bin/../lib/gcc/arm-none-eabi/4.7.2/../../../../arm-none-eabi/lib\libm.a(lib_a-e_asin.o)
 .debug_abbrev  0x00000d5c      0x159 c:/hu_armdevenv/dev_tools/yagarto/bin/../lib/gcc/arm-none-eabi/4.7.2/../../../../arm-none-eabi/lib\libm.a(lib_a-e_atan2.o)
 .debug_abbrev  0x00000eb5      0x118 c:/hu_armdevenv/dev_tools/yagarto/bin/../lib/gcc/arm-none-eabi/4.7.2/../../../../arm-none-eabi/lib\libm.a(lib_a-e_sqrt.o)
 .debug_abbrev  0x00000fcd      0x142 c:/hu_armdevenv/dev_tools/yagarto/bin/../lib/gcc/arm-none-eabi/4.7.2/../../../../arm-none-eabi/lib\libm.a(lib_a-s_atan.o)
 .debug_abbrev  0x0000110f       0xb9 c:/hu_armdevenv/dev_tools/yagarto/bin/../lib/gcc/arm-none-eabi/4.7.2/../../../../arm-none-eabi/lib\libm.a(lib_a-s_fabs.o)
 .debug_abbrev  0x000011c8       0x6f c:/hu_armdevenv/dev_tools/yagarto/bin/../lib/gcc/arm-none-eabi/4.7.2/../../../../arm-none-eabi/lib\libm.a(lib_a-s_fpclassify.o)
 .debug_abbrev  0x00001237       0x4f c:/hu_armdevenv/dev_tools/yagarto/bin/../lib/gcc/arm-none-eabi/4.7.2/../../../../arm-none-eabi/lib\libm.a(lib_a-s_lib_ver.o)
 .debug_abbrev  0x00001286       0x9a c:/hu_armdevenv/dev_tools/yagarto/bin/../lib/gcc/arm-none-eabi/4.7.2/../../../../arm-none-eabi/lib\libm.a(lib_a-s_matherr.o)
 .debug_abbrev  0x00001320       0x72 c:/hu_armdevenv/dev_tools/yagarto/bin/../lib/gcc/arm-none-eabi/4.7.2/../../../../arm-none-eabi/lib\libm.a(lib_a-s_nan.o)
 .debug_abbrev  0x00001392       0x14 c:/hu_armdevenv/dev_tools/yagarto/bin/../lib/gcc/arm-none-eabi/4.7.2\libgcc.a(_udivsi3.o)
 .debug_abbrev  0x000013a6       0x14 c:/hu_armdevenv/dev_tools/yagarto/bin/../lib/gcc/arm-none-eabi/4.7.2\libgcc.a(_dvmd_tls.o)
 .debug_abbrev  0x000013ba       0x14 c:/hu_armdevenv/dev_tools/yagarto/bin/../lib/gcc/arm-none-eabi/4.7.2\libgcc.a(_arm_addsubdf3.o)
 .debug_abbrev  0x000013ce       0x14 c:/hu_armdevenv/dev_tools/yagarto/bin/../lib/gcc/arm-none-eabi/4.7.2\libgcc.a(_arm_muldivdf3.o)
 .debug_abbrev  0x000013e2       0x14 c:/hu_armdevenv/dev_tools/yagarto/bin/../lib/gcc/arm-none-eabi/4.7.2\libgcc.a(_arm_cmpdf2.o)
 .debug_abbrev  0x000013f6       0x14 c:/hu_armdevenv/dev_tools/yagarto/bin/../lib/gcc/arm-none-eabi/4.7.2\libgcc.a(_arm_fixdfsi.o)
 .debug_abbrev  0x0000140a      0x171 c:/hu_armdevenv/dev_tools/yagarto/bin/../lib/gcc/arm-none-eabi/4.7.2/../../../../arm-none-eabi/lib\libg.a(lib_a-errno.o)
 .debug_abbrev  0x0000157b      0x162 c:/hu_armdevenv/dev_tools/yagarto/bin/../lib/gcc/arm-none-eabi/4.7.2/../../../../arm-none-eabi/lib\libg.a(lib_a-impure.o)

.debug_loc      0x00000000     0x2641
 .debug_loc     0x00000000       0x84 ./../Source/delay.o
 .debug_loc     0x00000084      0x294 ./../Source/I2C.o
 .debug_loc     0x00000318       0x58 ./../Source/keys.o
 .debug_loc     0x00000370      0x318 ./../Source/lcd.o
 .debug_loc     0x00000688       0x58 ./../Source/leds.o
 .debug_loc     0x000006e0       0x84 ./../Source/main.o
 .debug_loc     0x00000764      0x39c ./../Source/mpu6050.o
 .debug_loc     0x00000b00      0x108 ./../Source/mpu6050dmp.o
 .debug_loc     0x00000c08      0x268 ./../Source/MRF24J40.o
 .debug_loc     0x00000e70       0x2c ./../Source/pll.o
 .debug_loc     0x00000e9c      0x160 ./../Source/spi.o
 .debug_loc     0x00000ffc      0x18c ./../Source/uart.o
 .debug_loc     0x00001188       0x84 ./../Source/vic.o
 .debug_loc     0x0000120c       0x8d c:/hu_armdevenv/dev_tools/yagarto/bin/../lib/gcc/arm-none-eabi/4.7.2/../../../../arm-none-eabi/lib\libm.a(lib_a-w_asin.o)
 .debug_loc     0x00001299       0x70 c:/hu_armdevenv/dev_tools/yagarto/bin/../lib/gcc/arm-none-eabi/4.7.2/../../../../arm-none-eabi/lib\libm.a(lib_a-w_atan2.o)
 .debug_loc     0x00001309      0x5ba c:/hu_armdevenv/dev_tools/yagarto/bin/../lib/gcc/arm-none-eabi/4.7.2/../../../../arm-none-eabi/lib\libm.a(lib_a-e_asin.o)
 .debug_loc     0x000018c3      0x4bb c:/hu_armdevenv/dev_tools/yagarto/bin/../lib/gcc/arm-none-eabi/4.7.2/../../../../arm-none-eabi/lib\libm.a(lib_a-e_atan2.o)
 .debug_loc     0x00001d7e      0x48b c:/hu_armdevenv/dev_tools/yagarto/bin/../lib/gcc/arm-none-eabi/4.7.2/../../../../arm-none-eabi/lib\libm.a(lib_a-e_sqrt.o)
 .debug_loc     0x00002209      0x37d c:/hu_armdevenv/dev_tools/yagarto/bin/../lib/gcc/arm-none-eabi/4.7.2/../../../../arm-none-eabi/lib\libm.a(lib_a-s_atan.o)
 .debug_loc     0x00002586       0x79 c:/hu_armdevenv/dev_tools/yagarto/bin/../lib/gcc/arm-none-eabi/4.7.2/../../../../arm-none-eabi/lib\libm.a(lib_a-s_fpclassify.o)
 .debug_loc     0x000025ff       0x21 c:/hu_armdevenv/dev_tools/yagarto/bin/../lib/gcc/arm-none-eabi/4.7.2/../../../../arm-none-eabi/lib\libm.a(lib_a-s_matherr.o)
 .debug_loc     0x00002620       0x21 c:/hu_armdevenv/dev_tools/yagarto/bin/../lib/gcc/arm-none-eabi/4.7.2/../../../../arm-none-eabi/lib\libm.a(lib_a-s_nan.o)

.debug_aranges  0x00000000      0x3f0
 .debug_aranges
                0x00000000       0x20 ./../Source/delay.o
 .debug_aranges
                0x00000020       0x20 ./../Source/I2C.o
 .debug_aranges
                0x00000040       0x20 ./../Source/keys.o
 .debug_aranges
                0x00000060       0x20 ./../Source/lcd.o
 .debug_aranges
                0x00000080       0x20 ./../Source/leds.o
 .debug_aranges
                0x000000a0       0x20 ./../Source/main.o
 .debug_aranges
                0x000000c0       0x20 ./../Source/mpu6050.o
 .debug_aranges
                0x000000e0       0x20 ./../Source/mpu6050dmp.o
 .debug_aranges
                0x00000100       0x20 ./../Source/MRF24J40.o
 .debug_aranges
                0x00000120       0x20 ./../Source/pll.o
 .debug_aranges
                0x00000140       0x20 ./../Source/spi.o
 .debug_aranges
                0x00000160       0x20 ./../Source/uart.o
 .debug_aranges
                0x00000180       0x20 ./../Source/vic.o
 .debug_aranges
                0x000001a0       0x20 c:/hu_armdevenv/dev_tools/yagarto/bin/../lib/gcc/arm-none-eabi/4.7.2/../../../../arm-none-eabi/lib\libm.a(lib_a-w_asin.o)
 .debug_aranges
                0x000001c0       0x20 c:/hu_armdevenv/dev_tools/yagarto/bin/../lib/gcc/arm-none-eabi/4.7.2/../../../../arm-none-eabi/lib\libm.a(lib_a-w_atan2.o)
 .debug_aranges
                0x000001e0       0x20 c:/hu_armdevenv/dev_tools/yagarto/bin/../lib/gcc/arm-none-eabi/4.7.2/../../../../arm-none-eabi/lib\libm.a(lib_a-e_asin.o)
 .debug_aranges
                0x00000200       0x20 c:/hu_armdevenv/dev_tools/yagarto/bin/../lib/gcc/arm-none-eabi/4.7.2/../../../../arm-none-eabi/lib\libm.a(lib_a-e_atan2.o)
 .debug_aranges
                0x00000220       0x20 c:/hu_armdevenv/dev_tools/yagarto/bin/../lib/gcc/arm-none-eabi/4.7.2/../../../../arm-none-eabi/lib\libm.a(lib_a-e_sqrt.o)
 .debug_aranges
                0x00000240       0x20 c:/hu_armdevenv/dev_tools/yagarto/bin/../lib/gcc/arm-none-eabi/4.7.2/../../../../arm-none-eabi/lib\libm.a(lib_a-s_atan.o)
 .debug_aranges
                0x00000260       0x20 c:/hu_armdevenv/dev_tools/yagarto/bin/../lib/gcc/arm-none-eabi/4.7.2/../../../../arm-none-eabi/lib\libm.a(lib_a-s_fabs.o)
 .debug_aranges
                0x00000280       0x20 c:/hu_armdevenv/dev_tools/yagarto/bin/../lib/gcc/arm-none-eabi/4.7.2/../../../../arm-none-eabi/lib\libm.a(lib_a-s_fpclassify.o)
 .debug_aranges
                0x000002a0       0x18 c:/hu_armdevenv/dev_tools/yagarto/bin/../lib/gcc/arm-none-eabi/4.7.2/../../../../arm-none-eabi/lib\libm.a(lib_a-s_lib_ver.o)
 .debug_aranges
                0x000002b8       0x20 c:/hu_armdevenv/dev_tools/yagarto/bin/../lib/gcc/arm-none-eabi/4.7.2/../../../../arm-none-eabi/lib\libm.a(lib_a-s_matherr.o)
 .debug_aranges
                0x000002d8       0x20 c:/hu_armdevenv/dev_tools/yagarto/bin/../lib/gcc/arm-none-eabi/4.7.2/../../../../arm-none-eabi/lib\libm.a(lib_a-s_nan.o)
 .debug_aranges
                0x000002f8       0x20 c:/hu_armdevenv/dev_tools/yagarto/bin/../lib/gcc/arm-none-eabi/4.7.2\libgcc.a(_udivsi3.o)
 .debug_aranges
                0x00000318       0x20 c:/hu_armdevenv/dev_tools/yagarto/bin/../lib/gcc/arm-none-eabi/4.7.2\libgcc.a(_dvmd_tls.o)
 .debug_aranges
                0x00000338       0x20 c:/hu_armdevenv/dev_tools/yagarto/bin/../lib/gcc/arm-none-eabi/4.7.2\libgcc.a(_arm_addsubdf3.o)
 .debug_aranges
                0x00000358       0x20 c:/hu_armdevenv/dev_tools/yagarto/bin/../lib/gcc/arm-none-eabi/4.7.2\libgcc.a(_arm_muldivdf3.o)
 .debug_aranges
                0x00000378       0x20 c:/hu_armdevenv/dev_tools/yagarto/bin/../lib/gcc/arm-none-eabi/4.7.2\libgcc.a(_arm_cmpdf2.o)
 .debug_aranges
                0x00000398       0x20 c:/hu_armdevenv/dev_tools/yagarto/bin/../lib/gcc/arm-none-eabi/4.7.2\libgcc.a(_arm_fixdfsi.o)
 .debug_aranges
                0x000003b8       0x20 c:/hu_armdevenv/dev_tools/yagarto/bin/../lib/gcc/arm-none-eabi/4.7.2/../../../../arm-none-eabi/lib\libg.a(lib_a-errno.o)
 .debug_aranges
                0x000003d8       0x18 c:/hu_armdevenv/dev_tools/yagarto/bin/../lib/gcc/arm-none-eabi/4.7.2/../../../../arm-none-eabi/lib\libg.a(lib_a-impure.o)

.debug_line     0x00000000     0x2026
 .debug_line    0x00000000       0x82 ./../Source/delay.o
 .debug_line    0x00000082      0x1e1 ./../Source/I2C.o
 .debug_line    0x00000263       0xb1 ./../Source/keys.o
 .debug_line    0x00000314       0xc4 ./../Source/lcd.o
 .debug_line    0x000003d8       0x5a ./../Source/leds.o
 .debug_line    0x00000432       0xc1 ./../Source/main.o
 .debug_line    0x000004f3      0x19d ./../Source/mpu6050.o
 .debug_line    0x00000690      0x197 ./../Source/mpu6050dmp.o
 .debug_line    0x00000827      0x1aa ./../Source/MRF24J40.o
 .debug_line    0x000009d1       0x52 ./../Source/pll.o
 .debug_line    0x00000a23       0x87 ./../Source/spi.o
 .debug_line    0x00000aaa       0xc8 ./../Source/uart.o
 .debug_line    0x00000b72       0x85 ./../Source/vic.o
 .debug_line    0x00000bf7      0x15b c:/hu_armdevenv/dev_tools/yagarto/bin/../lib/gcc/arm-none-eabi/4.7.2/../../../../arm-none-eabi/lib\libm.a(lib_a-w_asin.o)
 .debug_line    0x00000d52       0xf3 c:/hu_armdevenv/dev_tools/yagarto/bin/../lib/gcc/arm-none-eabi/4.7.2/../../../../arm-none-eabi/lib\libm.a(lib_a-w_atan2.o)
 .debug_line    0x00000e45      0x1a1 c:/hu_armdevenv/dev_tools/yagarto/bin/../lib/gcc/arm-none-eabi/4.7.2/../../../../arm-none-eabi/lib\libm.a(lib_a-e_asin.o)
 .debug_line    0x00000fe6      0x1b8 c:/hu_armdevenv/dev_tools/yagarto/bin/../lib/gcc/arm-none-eabi/4.7.2/../../../../arm-none-eabi/lib\libm.a(lib_a-e_atan2.o)
 .debug_line    0x0000119e      0x194 c:/hu_armdevenv/dev_tools/yagarto/bin/../lib/gcc/arm-none-eabi/4.7.2/../../../../arm-none-eabi/lib\libm.a(lib_a-e_sqrt.o)
 .debug_line    0x00001332      0x19c c:/hu_armdevenv/dev_tools/yagarto/bin/../lib/gcc/arm-none-eabi/4.7.2/../../../../arm-none-eabi/lib\libm.a(lib_a-s_atan.o)
 .debug_line    0x000014ce      0x149 c:/hu_armdevenv/dev_tools/yagarto/bin/../lib/gcc/arm-none-eabi/4.7.2/../../../../arm-none-eabi/lib\libm.a(lib_a-s_fabs.o)
 .debug_line    0x00001617      0x11a c:/hu_armdevenv/dev_tools/yagarto/bin/../lib/gcc/arm-none-eabi/4.7.2/../../../../arm-none-eabi/lib\libm.a(lib_a-s_fpclassify.o)
 .debug_line    0x00001731       0x62 c:/hu_armdevenv/dev_tools/yagarto/bin/../lib/gcc/arm-none-eabi/4.7.2/../../../../arm-none-eabi/lib\libm.a(lib_a-s_lib_ver.o)
 .debug_line    0x00001793       0xb2 c:/hu_armdevenv/dev_tools/yagarto/bin/../lib/gcc/arm-none-eabi/4.7.2/../../../../arm-none-eabi/lib\libm.a(lib_a-s_matherr.o)
 .debug_line    0x00001845       0xad c:/hu_armdevenv/dev_tools/yagarto/bin/../lib/gcc/arm-none-eabi/4.7.2/../../../../arm-none-eabi/lib\libm.a(lib_a-s_nan.o)
 .debug_line    0x000018f2       0x8a c:/hu_armdevenv/dev_tools/yagarto/bin/../lib/gcc/arm-none-eabi/4.7.2\libgcc.a(_udivsi3.o)
 .debug_line    0x0000197c       0x61 c:/hu_armdevenv/dev_tools/yagarto/bin/../lib/gcc/arm-none-eabi/4.7.2\libgcc.a(_dvmd_tls.o)
 .debug_line    0x000019dd      0x168 c:/hu_armdevenv/dev_tools/yagarto/bin/../lib/gcc/arm-none-eabi/4.7.2\libgcc.a(_arm_addsubdf3.o)
 .debug_line    0x00001b45      0x180 c:/hu_armdevenv/dev_tools/yagarto/bin/../lib/gcc/arm-none-eabi/4.7.2\libgcc.a(_arm_muldivdf3.o)
 .debug_line    0x00001cc5       0xae c:/hu_armdevenv/dev_tools/yagarto/bin/../lib/gcc/arm-none-eabi/4.7.2\libgcc.a(_arm_cmpdf2.o)
 .debug_line    0x00001d73       0x78 c:/hu_armdevenv/dev_tools/yagarto/bin/../lib/gcc/arm-none-eabi/4.7.2\libgcc.a(_arm_fixdfsi.o)
 .debug_line    0x00001deb      0x12b c:/hu_armdevenv/dev_tools/yagarto/bin/../lib/gcc/arm-none-eabi/4.7.2/../../../../arm-none-eabi/lib\libg.a(lib_a-errno.o)
 .debug_line    0x00001f16      0x110 c:/hu_armdevenv/dev_tools/yagarto/bin/../lib/gcc/arm-none-eabi/4.7.2/../../../../arm-none-eabi/lib\libg.a(lib_a-impure.o)

.debug_str      0x00000000     0x1484
 .debug_str     0x00000000       0x79 ./../Source/delay.o
                                 0x86 (size before relaxing)
 .debug_str     0x00000079      0x120 ./../Source/I2C.o
                                0x184 (size before relaxing)
 .debug_str     0x00000199       0x23 ./../Source/keys.o
                                 0x8b (size before relaxing)
 .debug_str     0x000001bc      0x12c ./../Source/lcd.o
                                0x187 (size before relaxing)
 .debug_str     0x000002e8       0x2b ./../Source/leds.o
                                 0x86 (size before relaxing)
 .debug_str     0x00000313       0xa2 ./../Source/main.o
                                0x152 (size before relaxing)
 .debug_str     0x000003b5      0x29e ./../Source/mpu6050.o
                                0x33e (size before relaxing)
 .debug_str     0x00000653      0x147 ./../Source/mpu6050dmp.o
                                0x270 (size before relaxing)
 .debug_str     0x0000079a      0x21d ./../Source/MRF24J40.o
                                0x2b4 (size before relaxing)
 .debug_str     0x000009b7       0x19 ./../Source/pll.o
                                 0x61 (size before relaxing)
 .debug_str     0x000009d0       0x87 ./../Source/spi.o
                                 0xf5 (size before relaxing)
 .debug_str     0x00000a57       0x9d ./../Source/uart.o
                                0x11a (size before relaxing)
 .debug_str     0x00000af4       0x61 ./../Source/vic.o
                                 0xc2 (size before relaxing)
 .debug_str     0x00000b55      0x135 c:/hu_armdevenv/dev_tools/yagarto/bin/../lib/gcc/arm-none-eabi/4.7.2/../../../../arm-none-eabi/lib\libm.a(lib_a-w_asin.o)
                                0x1ea (size before relaxing)
 .debug_str     0x00000c8a       0x48 c:/hu_armdevenv/dev_tools/yagarto/bin/../lib/gcc/arm-none-eabi/4.7.2/../../../../arm-none-eabi/lib\libm.a(lib_a-w_atan2.o)
                                0x14a (size before relaxing)
 .debug_str     0x00000cd2       0xa4 c:/hu_armdevenv/dev_tools/yagarto/bin/../lib/gcc/arm-none-eabi/4.7.2/../../../../arm-none-eabi/lib\libm.a(lib_a-e_asin.o)
                                0x1ba (size before relaxing)
 .debug_str     0x00000d76       0x65 c:/hu_armdevenv/dev_tools/yagarto/bin/../lib/gcc/arm-none-eabi/4.7.2/../../../../arm-none-eabi/lib\libm.a(lib_a-e_atan2.o)
                                0x1ae (size before relaxing)
 .debug_str     0x00000ddb       0x3c c:/hu_armdevenv/dev_tools/yagarto/bin/../lib/gcc/arm-none-eabi/4.7.2/../../../../arm-none-eabi/lib\libm.a(lib_a-e_sqrt.o)
                                0x18e (size before relaxing)
 .debug_str     0x00000e17       0x45 c:/hu_armdevenv/dev_tools/yagarto/bin/../lib/gcc/arm-none-eabi/4.7.2/../../../../arm-none-eabi/lib\libm.a(lib_a-s_atan.o)
                                0x18d (size before relaxing)
 .debug_str     0x00000e5c       0x3c c:/hu_armdevenv/dev_tools/yagarto/bin/../lib/gcc/arm-none-eabi/4.7.2/../../../../arm-none-eabi/lib\libm.a(lib_a-s_fabs.o)
                                0x170 (size before relaxing)
 .debug_str     0x00000e98       0x86 c:/hu_armdevenv/dev_tools/yagarto/bin/../lib/gcc/arm-none-eabi/4.7.2/../../../../arm-none-eabi/lib\libm.a(lib_a-s_fpclassify.o)
                                0x156 (size before relaxing)
 .debug_str     0x00000f1e       0x3c c:/hu_armdevenv/dev_tools/yagarto/bin/../lib/gcc/arm-none-eabi/4.7.2/../../../../arm-none-eabi/lib\libm.a(lib_a-s_lib_ver.o)
                                0x195 (size before relaxing)
 .debug_str     0x00000f5a       0x3c c:/hu_armdevenv/dev_tools/yagarto/bin/../lib/gcc/arm-none-eabi/4.7.2/../../../../arm-none-eabi/lib\libm.a(lib_a-s_matherr.o)
                                0x167 (size before relaxing)
 .debug_str     0x00000f96       0x38 c:/hu_armdevenv/dev_tools/yagarto/bin/../lib/gcc/arm-none-eabi/4.7.2/../../../../arm-none-eabi/lib\libm.a(lib_a-s_nan.o)
                                0x13d (size before relaxing)
 .debug_str     0x00000fce      0x419 c:/hu_armdevenv/dev_tools/yagarto/bin/../lib/gcc/arm-none-eabi/4.7.2/../../../../arm-none-eabi/lib\libg.a(lib_a-errno.o)
                                0x4de (size before relaxing)
 .debug_str     0x000013e7       0x9d c:/hu_armdevenv/dev_tools/yagarto/bin/../lib/gcc/arm-none-eabi/4.7.2/../../../../arm-none-eabi/lib\libg.a(lib_a-impure.o)
                                0x4f6 (size before relaxing)

.debug_frame    0x00000000      0xde4
 .debug_frame   0x00000000       0x58 ./../Source/delay.o
 .debug_frame   0x00000058      0x1a0 ./../Source/I2C.o
 .debug_frame   0x000001f8       0x40 ./../Source/keys.o
 .debug_frame   0x00000238      0x200 ./../Source/lcd.o
 .debug_frame   0x00000438       0x40 ./../Source/leds.o
 .debug_frame   0x00000478       0x6c ./../Source/main.o
 .debug_frame   0x000004e4      0x260 ./../Source/mpu6050.o
 .debug_frame   0x00000744       0xc8 ./../Source/mpu6050dmp.o
 .debug_frame   0x0000080c      0x194 ./../Source/MRF24J40.o
 .debug_frame   0x000009a0       0x28 ./../Source/pll.o
 .debug_frame   0x000009c8       0xd0 ./../Source/spi.o
 .debug_frame   0x00000a98       0xf8 ./../Source/uart.o
 .debug_frame   0x00000b90       0x5c ./../Source/vic.o
 .debug_frame   0x00000bec       0x34 c:/hu_armdevenv/dev_tools/yagarto/bin/../lib/gcc/arm-none-eabi/4.7.2/../../../../arm-none-eabi/lib\libm.a(lib_a-w_asin.o)
 .debug_frame   0x00000c20       0x28 c:/hu_armdevenv/dev_tools/yagarto/bin/../lib/gcc/arm-none-eabi/4.7.2/../../../../arm-none-eabi/lib\libm.a(lib_a-w_atan2.o)
 .debug_frame   0x00000c48       0x38 c:/hu_armdevenv/dev_tools/yagarto/bin/../lib/gcc/arm-none-eabi/4.7.2/../../../../arm-none-eabi/lib\libm.a(lib_a-e_asin.o)
 .debug_frame   0x00000c80       0x38 c:/hu_armdevenv/dev_tools/yagarto/bin/../lib/gcc/arm-none-eabi/4.7.2/../../../../arm-none-eabi/lib\libm.a(lib_a-e_atan2.o)
 .debug_frame   0x00000cb8       0x34 c:/hu_armdevenv/dev_tools/yagarto/bin/../lib/gcc/arm-none-eabi/4.7.2/../../../../arm-none-eabi/lib\libm.a(lib_a-e_sqrt.o)
 .debug_frame   0x00000cec       0x38 c:/hu_armdevenv/dev_tools/yagarto/bin/../lib/gcc/arm-none-eabi/4.7.2/../../../../arm-none-eabi/lib\libm.a(lib_a-s_atan.o)
 .debug_frame   0x00000d24       0x20 c:/hu_armdevenv/dev_tools/yagarto/bin/../lib/gcc/arm-none-eabi/4.7.2/../../../../arm-none-eabi/lib\libm.a(lib_a-s_fabs.o)
 .debug_frame   0x00000d44       0x20 c:/hu_armdevenv/dev_tools/yagarto/bin/../lib/gcc/arm-none-eabi/4.7.2/../../../../arm-none-eabi/lib\libm.a(lib_a-s_fpclassify.o)
 .debug_frame   0x00000d64       0x20 c:/hu_armdevenv/dev_tools/yagarto/bin/../lib/gcc/arm-none-eabi/4.7.2/../../../../arm-none-eabi/lib\libm.a(lib_a-s_matherr.o)
 .debug_frame   0x00000d84       0x20 c:/hu_armdevenv/dev_tools/yagarto/bin/../lib/gcc/arm-none-eabi/4.7.2/../../../../arm-none-eabi/lib\libm.a(lib_a-s_nan.o)
 .debug_frame   0x00000da4       0x20 c:/hu_armdevenv/dev_tools/yagarto/bin/../lib/gcc/arm-none-eabi/4.7.2\libgcc.a(_udivsi3.o)
 .debug_frame   0x00000dc4       0x20 c:/hu_armdevenv/dev_tools/yagarto/bin/../lib/gcc/arm-none-eabi/4.7.2/../../../../arm-none-eabi/lib\libg.a(lib_a-errno.o)

.debug_ranges   0x00000000       0x88
 .debug_ranges  0x00000000       0x30 c:/hu_armdevenv/dev_tools/yagarto/bin/../lib/gcc/arm-none-eabi/4.7.2/../../../../arm-none-eabi/lib\libm.a(lib_a-e_asin.o)
 .debug_ranges  0x00000030       0x28 c:/hu_armdevenv/dev_tools/yagarto/bin/../lib/gcc/arm-none-eabi/4.7.2/../../../../arm-none-eabi/lib\libm.a(lib_a-e_atan2.o)
 .debug_ranges  0x00000058       0x30 c:/hu_armdevenv/dev_tools/yagarto/bin/../lib/gcc/arm-none-eabi/4.7.2/../../../../arm-none-eabi/lib\libm.a(lib_a-s_atan.o)
