Archive member included because of file (symbol)

c:/hu_armdevenv/dev_tools/yagarto/bin/../lib/gcc/arm-none-eabi/4.7.2/../../../../arm-none-eabi/lib\libm.a(lib_a-w_asin.o)
                              ./../Source/mpu6050dmp.o (asin)
c:/hu_armdevenv/dev_tools/yagarto/bin/../lib/gcc/arm-none-eabi/4.7.2/../../../../arm-none-eabi/lib\libm.a(lib_a-w_atan2.o)
                              ./../Source/mpu6050dmp.o (atan2)
c:/hu_armdevenv/dev_tools/yagarto/bin/../lib/gcc/arm-none-eabi/4.7.2/../../../../arm-none-eabi/lib\libm.a(lib_a-e_asin.o)
                              c:/hu_armdevenv/dev_tools/yagarto/bin/../lib/gcc/arm-none-eabi/4.7.2/../../../../arm-none-eabi/lib\libm.a(lib_a-w_asin.o) (__ieee754_asin)
c:/hu_armdevenv/dev_tools/yagarto/bin/../lib/gcc/arm-none-eabi/4.7.2/../../../../arm-none-eabi/lib\libm.a(lib_a-e_atan2.o)
                              c:/hu_armdevenv/dev_tools/yagarto/bin/../lib/gcc/arm-none-eabi/4.7.2/../../../../arm-none-eabi/lib\libm.a(lib_a-w_atan2.o) (__ieee754_atan2)
c:/hu_armdevenv/dev_tools/yagarto/bin/../lib/gcc/arm-none-eabi/4.7.2/../../../../arm-none-eabi/lib\libm.a(lib_a-e_sqrt.o)
                              c:/hu_armdevenv/dev_tools/yagarto/bin/../lib/gcc/arm-none-eabi/4.7.2/../../../../arm-none-eabi/lib\libm.a(lib_a-e_asin.o) (__ieee754_sqrt)
c:/hu_armdevenv/dev_tools/yagarto/bin/../lib/gcc/arm-none-eabi/4.7.2/../../../../arm-none-eabi/lib\libm.a(lib_a-s_atan.o)
                              c:/hu_armdevenv/dev_tools/yagarto/bin/../lib/gcc/arm-none-eabi/4.7.2/../../../../arm-none-eabi/lib\libm.a(lib_a-e_atan2.o) (atan)
c:/hu_armdevenv/dev_tools/yagarto/bin/../lib/gcc/arm-none-eabi/4.7.2/../../../../arm-none-eabi/lib\libm.a(lib_a-s_fabs.o)
                              c:/hu_armdevenv/dev_tools/yagarto/bin/../lib/gcc/arm-none-eabi/4.7.2/../../../../arm-none-eabi/lib\libm.a(lib_a-w_asin.o) (fabs)
c:/hu_armdevenv/dev_tools/yagarto/bin/../lib/gcc/arm-none-eabi/4.7.2/../../../../arm-none-eabi/lib\libm.a(lib_a-s_fpclassify.o)
                              c:/hu_armdevenv/dev_tools/yagarto/bin/../lib/gcc/arm-none-eabi/4.7.2/../../../../arm-none-eabi/lib\libm.a(lib_a-w_asin.o) (__fpclassifyd)
c:/hu_armdevenv/dev_tools/yagarto/bin/../lib/gcc/arm-none-eabi/4.7.2/../../../../arm-none-eabi/lib\libm.a(lib_a-s_lib_ver.o)
                              c:/hu_armdevenv/dev_tools/yagarto/bin/../lib/gcc/arm-none-eabi/4.7.2/../../../../arm-none-eabi/lib\libm.a(lib_a-w_asin.o) (__fdlib_version)
c:/hu_armdevenv/dev_tools/yagarto/bin/../lib/gcc/arm-none-eabi/4.7.2/../../../../arm-none-eabi/lib\libm.a(lib_a-s_matherr.o)
                              c:/hu_armdevenv/dev_tools/yagarto/bin/../lib/gcc/arm-none-eabi/4.7.2/../../../../arm-none-eabi/lib\libm.a(lib_a-w_asin.o) (matherr)
c:/hu_armdevenv/dev_tools/yagarto/bin/../lib/gcc/arm-none-eabi/4.7.2/../../../../arm-none-eabi/lib\libm.a(lib_a-s_nan.o)
                              c:/hu_armdevenv/dev_tools/yagarto/bin/../lib/gcc/arm-none-eabi/4.7.2/../../../../arm-none-eabi/lib\libm.a(lib_a-w_asin.o) (nan)
c:/hu_armdevenv/dev_tools/yagarto/bin/../lib/gcc/arm-none-eabi/4.7.2\libgcc.a(_udivsi3.o)
                              ./../Source/uart.o (__aeabi_uidiv)
c:/hu_armdevenv/dev_tools/yagarto/bin/../lib/gcc/arm-none-eabi/4.7.2\libgcc.a(_dvmd_tls.o)
                              c:/hu_armdevenv/dev_tools/yagarto/bin/../lib/gcc/arm-none-eabi/4.7.2\libgcc.a(_udivsi3.o) (__aeabi_idiv0)
c:/hu_armdevenv/dev_tools/yagarto/bin/../lib/gcc/arm-none-eabi/4.7.2\libgcc.a(_arm_addsubdf3.o)
                              ./../Source/mpu6050dmp.o (__aeabi_dsub)
c:/hu_armdevenv/dev_tools/yagarto/bin/../lib/gcc/arm-none-eabi/4.7.2\libgcc.a(_arm_muldivdf3.o)
                              ./../Source/main.o (__aeabi_dmul)
c:/hu_armdevenv/dev_tools/yagarto/bin/../lib/gcc/arm-none-eabi/4.7.2\libgcc.a(_arm_cmpdf2.o)
                              c:/hu_armdevenv/dev_tools/yagarto/bin/../lib/gcc/arm-none-eabi/4.7.2/../../../../arm-none-eabi/lib\libm.a(lib_a-w_asin.o) (__aeabi_dcmpgt)
c:/hu_armdevenv/dev_tools/yagarto/bin/../lib/gcc/arm-none-eabi/4.7.2\libgcc.a(_arm_fixdfsi.o)
                              ./../Source/main.o (__aeabi_d2iz)
c:/hu_armdevenv/dev_tools/yagarto/bin/../lib/gcc/arm-none-eabi/4.7.2\libgcc.a(_arm_addsubsf3.o)
                              ./../Source/mpu6050dmp.o (__aeabi_i2f)
c:/hu_armdevenv/dev_tools/yagarto/bin/../lib/gcc/arm-none-eabi/4.7.2\libgcc.a(_arm_muldivsf3.o)
                              ./../Source/mpu6050dmp.o (__aeabi_fdiv)
c:/hu_armdevenv/dev_tools/yagarto/bin/../lib/gcc/arm-none-eabi/4.7.2/../../../../arm-none-eabi/lib\libg.a(lib_a-errno.o)
                              c:/hu_armdevenv/dev_tools/yagarto/bin/../lib/gcc/arm-none-eabi/4.7.2/../../../../arm-none-eabi/lib\libm.a(lib_a-w_asin.o) (__errno)
c:/hu_armdevenv/dev_tools/yagarto/bin/../lib/gcc/arm-none-eabi/4.7.2/../../../../arm-none-eabi/lib\libg.a(lib_a-impure.o)
                              c:/hu_armdevenv/dev_tools/yagarto/bin/../lib/gcc/arm-none-eabi/4.7.2/../../../../arm-none-eabi/lib\libg.a(lib_a-errno.o) (_impure_ptr)

Allocating common symbols
Common symbol       size              file

MRF24_Rx_Data       0x8f              ./../Source/MRF24J40.o
buffer              0xe               ./../Source/mpu6050.o
adres2              0x4               ./../Source/MRF24J40.o
dmpPacketBuffer     0x4               ./../Source/mpu6050dmp.o
mpu6050_fifoBuffer  0x40              ./../Source/mpu6050dmp.o

Memory Configuration

Name             Origin             Length             Attributes
rom              0x00000000         0x0007e000
ram              0x40000000         0x00008000
*default*        0x00000000         0xffffffff

Linker script and memory map

LOAD crt0.o
                0x00008000                __ram_size__ = 0x8000
                0x00000100                __STACK_SIZE_FIQ__ = 0x100
                0x00000100                __STACK_SIZE_IRQ__ = 0x100
                0x00000004                __STACK_SIZE_SUPERVISOR__ = 0x4
                0x00000004                __STACK_SIZE_ABORT__ = 0x4
                0x00000004                __STACK_SIZE_UNDEFINED__ = 0x4
                0x40007df0                __stack_end__ = (((((((0x40000000 + __ram_size__) - 0x4) - __STACK_SIZE_FIQ__) - __STACK_SIZE_IRQ__) - __STACK_SIZE_SUPERVISOR__) - __STACK_SIZE_ABORT__) - __STACK_SIZE_UNDEFINED__)
                0x40007df4                __stack_end_undefined__ = ((((((0x40000000 + __ram_size__) - 0x4) - __STACK_SIZE_FIQ__) - __STACK_SIZE_IRQ__) - __STACK_SIZE_SUPERVISOR__) - __STACK_SIZE_ABORT__)
                0x40007df8                __stack_end_abort__ = (((((0x40000000 + __ram_size__) - 0x4) - __STACK_SIZE_FIQ__) - __STACK_SIZE_IRQ__) - __STACK_SIZE_SUPERVISOR__)
                0x40007dfc                __stack_end_supervisor__ = ((((0x40000000 + __ram_size__) - 0x4) - __STACK_SIZE_FIQ__) - __STACK_SIZE_IRQ__)
                0x40007efc                __stack_end_irq__ = (((0x40000000 + __ram_size__) - 0x4) - __STACK_SIZE_FIQ__)
                0x40007ffc                __stack_end_fiq__ = ((0x40000000 + __ram_size__) - 0x4)
                0x00000000                . = 0x0

startup
 *(.startup)

.text           0x00000000     0x8880
 *(EXCLUDE_FILE(*text.iwram*) .text)
 .text          0x00000000      0x190 crt0.o
                0x00000000                _start
                0x0000002c                FIQHandler
                0x00000068                __disable_interrupts
                0x00000078                __enable_interrupts
 .text          0x00000190      0x124 ./../Source/delay.o
                0x00000190                delay_us
                0x000001ec                delay_ms
                0x00000250                delay_s
 .text          0x000002b4     0x106c ./../Source/I2C.o
                0x000002b4                i2cCheckStatus
                0x0000030c                i2cInit
                0x000003b0                i2cStart
                0x00000470                i2cRepeatStart
                0x0000053c                i2cStop
                0x000005ac                i2cPutChar
                0x00000634                i2cGetChar
                0x00000720                i2cWrite
                0x00000940                i2cWriteWord
                0x00000bc0                i2cWriteBits
                0x00000ccc                i2cWriteBit
                0x00000da0                i2cWaitTransmit
                0x00000e10                i2cWriteWithWait
                0x00000e98                i2cMyWrite
                0x00000f98                i2cRead
                0x00001234                i2cReadBits
 .text          0x00001320      0x254 ./../Source/keys.o
                0x00001320                InitKeys
                0x00001430                ReadKeys
 .text          0x00001574      0x4bc ./../Source/lcd.o
                0x00001574                lcd_wait
                0x000015c4                lcd_out_data4
                0x0000161c                lcd_write_nibbles
                0x000016c4                lcd_write_control
                0x0000170c                lcd_init
                0x000017d8                lcd_putchar
                0x0000181c                lcd_print
                0x000018fc                lcd_clear
                0x00001918                lcd_cursor_home
                0x00001934                lcd_display_on
                0x00001950                lcd_display_off
                0x0000196c                lcd_cursor_blink
                0x00001988                lcd_cursor_on
                0x000019a4                lcd_cursor_off
                0x000019c0                lcd_cursor_left
                0x000019dc                lcd_cursor_right
                0x000019f8                lcd_display_sleft
                0x00001a14                lcd_display_sright
 .text          0x00001a30      0x110 ./../Source/leds.o
                0x00001a30                LED_init
                0x00001a8c                LED_put
 .text          0x00001b40      0x870 ./../Source/main.o
                0x00001b40                main
                0x00002144                init_interrupt
                0x000021d8                mpu6050_interrupt
                0x0000221c                calibratie
 .text          0x000023b0     0x1358 ./../Source/mpu6050.o
                0x000023b0                mpu6050_init
                0x00002480                mpu6050_calibrate
                0x000027e0                mpu6050_setMemoryBank
                0x0000286c                mpu6050_setMemoryStartAddress
                0x000028b0                mpu6050_readMemoryBlock
                0x00002a30                mpu6050_writeMemoryBlock
                0x00002c58                mpu6050_writeDMPConfigurationSet
                0x00002f40                mpu6050_getFIFOCount
                0x00002fcc                mpu6050_getFIFOBytes
                0x00003018                mpu6050_getIntStatus
                0x00003064                mpu6050_resetFIFO
                0x0000309c                mpu6050_getXGyroOffset
                0x000030f0                mpu6050_setXGyroOffset
                0x00003138                mpu6050_getYGyroOffset
                0x0000318c                mpu6050_setYGyroOffset
                0x000031d4                mpu6050_getZGyroOffset
                0x00003228                mpu6050_setZGyroOffset
                0x00003270                mpu6050_setSleepDisabled
                0x000032a8                mpu6050_setSleepEnabled
                0x000032e0                mpu6050_testConnection
                0x00003348                mpu6050_getRawData
                0x000034e0                mpu6050_getConvData
 .text          0x00003708     0x1500 ./../Source/mpu6050dmp.o
                0x00003708                mpu6050_dmpInitialize
                0x00004034                mpu6050_dmpEnable
                0x0000406c                mpu6050_dmpDisable
                0x000040a4                mpu6050_getQuaternion
                0x000042a8                mpu6050_getQuaternionAcceleration
                0x0000453c                mpu6050_getRollPitchYaw
                0x000048f8                mpu6050_getQuaternionWait
                0x00004a74                mpu6050_getQuaternionAccelerationWait
 .text          0x00004c08      0xca0 ./../Source/MRF24J40.o
                0x00004c08                MRF24J40_init
                0x00004e7c                MRF24J40_send_byte
                0x00004ebc                MRF24J40_send_string
                0x00004f28                MRF24J40_send
                0x0000510c                MRF24J40_receive
                0x00005218                MRF24J40_interrupt
                0x000055bc                MRF24J40_error
                0x000055e4                MRF24_Write_Short
                0x0000561c                MRF24_Read_Short
                0x00005678                MRF24_Write_Long
                0x000056a4                MRF24_Read_Long
                0x000057d4                MRF24J40_sleep
                0x00005800                MRF24J40_wake
                0x0000583c                StringCopy
 .text          0x000058a8       0xc8 ./../Source/pll.o
                0x000058a8                PLL_init
 .text          0x00005970      0x2f4 ./../Source/spi.o
                0x00005970                SPI_init
                0x00005a10                SPI_set_8_bit
                0x00005a54                SPI_set_12_bit
                0x00005a98                SPI_set_16_bit
                0x00005adc                SPI_set_low_speed
                0x00005b1c                SPI_set_high_speed
                0x00005b5c                SPI_get
                0x00005bf0                SPI_put
 .text          0x00005c64      0x534 ./../Source/uart.o
                0x00005c64                UART_init
                0x00005cec                UART_put
                0x00005db8                UART_putchar
                0x00005e08                UART_putbin
                0x00005ed0                UART_putint
                0x00005f34                UART_puthex
                0x00005f60                UART_get
                0x00005fb8                UART_get_unsigned
 .text          0x00006198      0x464 ./../Source/vic.o
                0x00006198                VicSetup
                0x00006574                DisableVectorInt
                0x000065b8                EnableVectorInt
 .text          0x000065fc      0x110 c:/hu_armdevenv/dev_tools/yagarto/bin/../lib/gcc/arm-none-eabi/4.7.2/../../../../arm-none-eabi/lib\libm.a(lib_a-w_asin.o)
                0x000065fc                asin
 .text          0x0000670c       0x10 c:/hu_armdevenv/dev_tools/yagarto/bin/../lib/gcc/arm-none-eabi/4.7.2/../../../../arm-none-eabi/lib\libm.a(lib_a-w_atan2.o)
                0x0000670c                atan2
 *fill*         0x0000671c        0x4 
 .text          0x00006720      0x5f0 c:/hu_armdevenv/dev_tools/yagarto/bin/../lib/gcc/arm-none-eabi/4.7.2/../../../../arm-none-eabi/lib\libm.a(lib_a-e_asin.o)
                0x00006720                __ieee754_asin
 .text          0x00006d10      0x2f0 c:/hu_armdevenv/dev_tools/yagarto/bin/../lib/gcc/arm-none-eabi/4.7.2/../../../../arm-none-eabi/lib\libm.a(lib_a-e_atan2.o)
                0x00006d10                __ieee754_atan2
 .text          0x00007000      0x23c c:/hu_armdevenv/dev_tools/yagarto/bin/../lib/gcc/arm-none-eabi/4.7.2/../../../../arm-none-eabi/lib\libm.a(lib_a-e_sqrt.o)
                0x00007000                __ieee754_sqrt
 *fill*         0x0000723c        0x4 
 .text          0x00007240      0x490 c:/hu_armdevenv/dev_tools/yagarto/bin/../lib/gcc/arm-none-eabi/4.7.2/../../../../arm-none-eabi/lib\libm.a(lib_a-s_atan.o)
                0x00007240                atan
 .text          0x000076d0        0x8 c:/hu_armdevenv/dev_tools/yagarto/bin/../lib/gcc/arm-none-eabi/4.7.2/../../../../arm-none-eabi/lib\libm.a(lib_a-s_fabs.o)
                0x000076d0                fabs
 .text          0x000076d8       0x6c c:/hu_armdevenv/dev_tools/yagarto/bin/../lib/gcc/arm-none-eabi/4.7.2/../../../../arm-none-eabi/lib\libm.a(lib_a-s_fpclassify.o)
                0x000076d8                __fpclassifyd
 .text          0x00007744        0x0 c:/hu_armdevenv/dev_tools/yagarto/bin/../lib/gcc/arm-none-eabi/4.7.2/../../../../arm-none-eabi/lib\libm.a(lib_a-s_lib_ver.o)
 .text          0x00007744        0x8 c:/hu_armdevenv/dev_tools/yagarto/bin/../lib/gcc/arm-none-eabi/4.7.2/../../../../arm-none-eabi/lib\libm.a(lib_a-s_matherr.o)
                0x00007744                matherr
 .text          0x0000774c       0x10 c:/hu_armdevenv/dev_tools/yagarto/bin/../lib/gcc/arm-none-eabi/4.7.2/../../../../arm-none-eabi/lib\libm.a(lib_a-s_nan.o)
                0x0000774c                nan
 .text          0x0000775c      0x114 c:/hu_armdevenv/dev_tools/yagarto/bin/../lib/gcc/arm-none-eabi/4.7.2\libgcc.a(_udivsi3.o)
                0x0000775c                __aeabi_uidiv
                0x0000775c                __udivsi3
                0x00007850                __aeabi_uidivmod
 .text          0x00007870        0x4 c:/hu_armdevenv/dev_tools/yagarto/bin/../lib/gcc/arm-none-eabi/4.7.2\libgcc.a(_dvmd_tls.o)
                0x00007870                __aeabi_idiv0
                0x00007870                __aeabi_ldiv0
 .text          0x00007874      0x41c c:/hu_armdevenv/dev_tools/yagarto/bin/../lib/gcc/arm-none-eabi/4.7.2\libgcc.a(_arm_addsubdf3.o)
                0x00007874                __aeabi_drsub
                0x0000787c                __aeabi_dsub
                0x0000787c                __subdf3
                0x00007880                __aeabi_dadd
                0x00007880                __adddf3
                0x00007b90                __floatunsidf
                0x00007b90                __aeabi_ui2d
                0x00007bb4                __floatsidf
                0x00007bb4                __aeabi_i2d
                0x00007bdc                __aeabi_f2d
                0x00007bdc                __extendsfdf2
                0x00007c1c                __floatundidf
                0x00007c1c                __aeabi_ul2d
                0x00007c30                __floatdidf
                0x00007c30                __aeabi_l2d
 .text          0x00007c90      0x49c c:/hu_armdevenv/dev_tools/yagarto/bin/../lib/gcc/arm-none-eabi/4.7.2\libgcc.a(_arm_muldivdf3.o)
                0x00007c90                __aeabi_dmul
                0x00007c90                __muldf3
                0x00007f20                __divdf3
                0x00007f20                __aeabi_ddiv
 .text          0x0000812c      0x144 c:/hu_armdevenv/dev_tools/yagarto/bin/../lib/gcc/arm-none-eabi/4.7.2\libgcc.a(_arm_cmpdf2.o)
                0x0000812c                __gtdf2
                0x0000812c                __gedf2
                0x00008134                __ltdf2
                0x00008134                __ledf2
                0x0000813c                __nedf2
                0x0000813c                __eqdf2
                0x0000813c                __cmpdf2
                0x000081c4                __aeabi_cdrcmple
                0x000081e0                __aeabi_cdcmpeq
                0x000081e0                __aeabi_cdcmple
                0x000081f8                __aeabi_dcmpeq
                0x00008210                __aeabi_dcmplt
                0x00008228                __aeabi_dcmple
                0x00008240                __aeabi_dcmpge
                0x00008258                __aeabi_dcmpgt
 .text          0x00008270       0x5c c:/hu_armdevenv/dev_tools/yagarto/bin/../lib/gcc/arm-none-eabi/4.7.2\libgcc.a(_arm_fixdfsi.o)
                0x00008270                __aeabi_d2iz
                0x00008270                __fixdfsi
 .text          0x000082cc      0x2ac c:/hu_armdevenv/dev_tools/yagarto/bin/../lib/gcc/arm-none-eabi/4.7.2\libgcc.a(_arm_addsubsf3.o)
                0x000082cc                __aeabi_frsub
                0x000082d4                __subsf3
                0x000082d4                __aeabi_fsub
                0x000082d8                __aeabi_fadd
                0x000082d8                __addsf3
                0x00008494                __aeabi_ui2f
                0x00008494                __floatunsisf
                0x0000849c                __aeabi_i2f
                0x0000849c                __floatsisf
                0x000084bc                __aeabi_ul2f
                0x000084bc                __floatundisf
                0x000084cc                __aeabi_l2f
                0x000084cc                __floatdisf
 .text          0x00008578      0x2f8 c:/hu_armdevenv/dev_tools/yagarto/bin/../lib/gcc/arm-none-eabi/4.7.2\libgcc.a(_arm_muldivsf3.o)
                0x00008578                __mulsf3
                0x00008578                __aeabi_fmul
                0x00008710                __aeabi_fdiv
                0x00008710                __divsf3
 .text          0x00008870       0x10 c:/hu_armdevenv/dev_tools/yagarto/bin/../lib/gcc/arm-none-eabi/4.7.2/../../../../arm-none-eabi/lib\libg.a(lib_a-errno.o)
                0x00008870                __errno
 .text          0x00008880        0x0 c:/hu_armdevenv/dev_tools/yagarto/bin/../lib/gcc/arm-none-eabi/4.7.2/../../../../arm-none-eabi/lib\libg.a(lib_a-impure.o)
 *(.text.*)
 *(.stub)
 *(.gnu.warning)
 *(.gnu.linkonce.t*)
 *(.glue_7 .glue_7t)
 .glue_7        0x00000000        0x0 linker stubs
 .glue_7t       0x00000000        0x0 linker stubs
                0x00008880                . = ALIGN (0x4)

.vfp11_veneer   0x00008880        0x0
 .vfp11_veneer  0x00000000        0x0 linker stubs

.v4_bx          0x00008880        0x0
 .v4_bx         0x00000000        0x0 linker stubs

.iplt           0x00008880        0x0
 .iplt          0x00000000        0x0 crt0.o

.rodata         0x00008880      0x8d8
 *(.rodata)
 .rodata        0x00008880        0x8 ./../Source/main.o
 .rodata        0x00008888      0x87c ./../Source/mpu6050dmp.o
                0x00008888                mpu6050_dmpMemory
                0x00009014                mpu6050_dmpConfig
                0x000090d4                mpu6050_dmpUpdates
 *fill*         0x00009104        0x4 
 .rodata        0x00009108       0x40 c:/hu_armdevenv/dev_tools/yagarto/bin/../lib/gcc/arm-none-eabi/4.7.2/../../../../arm-none-eabi/lib\libm.a(lib_a-s_atan.o)
 .rodata        0x00009148        0x4 c:/hu_armdevenv/dev_tools/yagarto/bin/../lib/gcc/arm-none-eabi/4.7.2/../../../../arm-none-eabi/lib\libg.a(lib_a-impure.o)
                0x00009148                _global_impure_ptr
 *all.rodata*(*)
 *(.roda)
 *(.rodata.*)
 .rodata.str1.4
                0x0000914c        0x5 c:/hu_armdevenv/dev_tools/yagarto/bin/../lib/gcc/arm-none-eabi/4.7.2/../../../../arm-none-eabi/lib\libm.a(lib_a-w_asin.o)
                                  0xc (size before relaxing)
 *fill*         0x00009151        0x3 
 .rodata.str1.4
                0x00009154        0x4 c:/hu_armdevenv/dev_tools/yagarto/bin/../lib/gcc/arm-none-eabi/4.7.2/../../../../arm-none-eabi/lib\libg.a(lib_a-impure.o)
 *(.gnu.linkonce.r*)
                0x00009158                . = ALIGN (0x4)
                0x00009158                __ro_end = .

.rel.dyn        0x00009158        0x0
 .rel.iplt      0x00000000        0x0 crt0.o

.data           0x40000000      0x478 load address 0x00009158
                0x40000000                __data_beg__ = .
                0x00009158                __data_beg_src__ = __ro_end
 *(.data)
 .data          0x40000000        0x0 crt0.o
 .data          0x40000000        0x0 ./../Source/delay.o
 .data          0x40000000        0x0 ./../Source/I2C.o
 .data          0x40000000        0x0 ./../Source/keys.o
 .data          0x40000000        0x0 ./../Source/lcd.o
 .data          0x40000000        0x0 ./../Source/leds.o
 .data          0x40000000        0x0 ./../Source/main.o
 .data          0x40000000        0x0 ./../Source/mpu6050.o
 .data          0x40000000        0x0 ./../Source/mpu6050dmp.o
 .data          0x40000000       0x2c ./../Source/MRF24J40.o
                0x40000000                Received_Dataext
                0x4000002a                errors
 .data          0x4000002c        0x0 ./../Source/pll.o
 .data          0x4000002c        0x0 ./../Source/spi.o
 .data          0x4000002c       0x14 ./../Source/uart.o
 .data          0x40000040        0x0 ./../Source/vic.o
 .data          0x40000040        0x0 c:/hu_armdevenv/dev_tools/yagarto/bin/../lib/gcc/arm-none-eabi/4.7.2/../../../../arm-none-eabi/lib\libm.a(lib_a-w_asin.o)
 .data          0x40000040        0x0 c:/hu_armdevenv/dev_tools/yagarto/bin/../lib/gcc/arm-none-eabi/4.7.2/../../../../arm-none-eabi/lib\libm.a(lib_a-w_atan2.o)
 .data          0x40000040        0x0 c:/hu_armdevenv/dev_tools/yagarto/bin/../lib/gcc/arm-none-eabi/4.7.2/../../../../arm-none-eabi/lib\libm.a(lib_a-e_asin.o)
 .data          0x40000040        0x0 c:/hu_armdevenv/dev_tools/yagarto/bin/../lib/gcc/arm-none-eabi/4.7.2/../../../../arm-none-eabi/lib\libm.a(lib_a-e_atan2.o)
 .data          0x40000040        0x0 c:/hu_armdevenv/dev_tools/yagarto/bin/../lib/gcc/arm-none-eabi/4.7.2/../../../../arm-none-eabi/lib\libm.a(lib_a-e_sqrt.o)
 .data          0x40000040        0x0 c:/hu_armdevenv/dev_tools/yagarto/bin/../lib/gcc/arm-none-eabi/4.7.2/../../../../arm-none-eabi/lib\libm.a(lib_a-s_atan.o)
 .data          0x40000040        0x0 c:/hu_armdevenv/dev_tools/yagarto/bin/../lib/gcc/arm-none-eabi/4.7.2/../../../../arm-none-eabi/lib\libm.a(lib_a-s_fabs.o)
 .data          0x40000040        0x0 c:/hu_armdevenv/dev_tools/yagarto/bin/../lib/gcc/arm-none-eabi/4.7.2/../../../../arm-none-eabi/lib\libm.a(lib_a-s_fpclassify.o)
 .data          0x40000040        0x1 c:/hu_armdevenv/dev_tools/yagarto/bin/../lib/gcc/arm-none-eabi/4.7.2/../../../../arm-none-eabi/lib\libm.a(lib_a-s_lib_ver.o)
                0x40000040                __fdlib_version
 .data          0x40000041        0x0 c:/hu_armdevenv/dev_tools/yagarto/bin/../lib/gcc/arm-none-eabi/4.7.2/../../../../arm-none-eabi/lib\libm.a(lib_a-s_matherr.o)
 .data          0x40000041        0x0 c:/hu_armdevenv/dev_tools/yagarto/bin/../lib/gcc/arm-none-eabi/4.7.2/../../../../arm-none-eabi/lib\libm.a(lib_a-s_nan.o)
 .data          0x40000041        0x0 c:/hu_armdevenv/dev_tools/yagarto/bin/../lib/gcc/arm-none-eabi/4.7.2\libgcc.a(_udivsi3.o)
 .data          0x40000041        0x0 c:/hu_armdevenv/dev_tools/yagarto/bin/../lib/gcc/arm-none-eabi/4.7.2\libgcc.a(_dvmd_tls.o)
 .data          0x40000041        0x0 c:/hu_armdevenv/dev_tools/yagarto/bin/../lib/gcc/arm-none-eabi/4.7.2\libgcc.a(_arm_addsubdf3.o)
 .data          0x40000041        0x0 c:/hu_armdevenv/dev_tools/yagarto/bin/../lib/gcc/arm-none-eabi/4.7.2\libgcc.a(_arm_muldivdf3.o)
 .data          0x40000041        0x0 c:/hu_armdevenv/dev_tools/yagarto/bin/../lib/gcc/arm-none-eabi/4.7.2\libgcc.a(_arm_cmpdf2.o)
 .data          0x40000041        0x0 c:/hu_armdevenv/dev_tools/yagarto/bin/../lib/gcc/arm-none-eabi/4.7.2\libgcc.a(_arm_fixdfsi.o)
 .data          0x40000041        0x0 c:/hu_armdevenv/dev_tools/yagarto/bin/../lib/gcc/arm-none-eabi/4.7.2\libgcc.a(_arm_addsubsf3.o)
 .data          0x40000041        0x0 c:/hu_armdevenv/dev_tools/yagarto/bin/../lib/gcc/arm-none-eabi/4.7.2\libgcc.a(_arm_muldivsf3.o)
 .data          0x40000041        0x0 c:/hu_armdevenv/dev_tools/yagarto/bin/../lib/gcc/arm-none-eabi/4.7.2/../../../../arm-none-eabi/lib\libg.a(lib_a-errno.o)
 *fill*         0x40000041        0x7 
 .data          0x40000048      0x430 c:/hu_armdevenv/dev_tools/yagarto/bin/../lib/gcc/arm-none-eabi/4.7.2/../../../../arm-none-eabi/lib\libg.a(lib_a-impure.o)
                0x40000048                _impure_ptr
 *(.data.*)
 *(.gnu.linkonce.d*)
                0x40000478                . = ALIGN (0x4)
                0x40000478                __data_end__ = .
                0x40000478                __data_end = .

.igot.plt       0x40000478        0x0 load address 0x000095d0
 .igot.plt      0x00000000        0x0 crt0.o

.bss            0x40000478       0xfc load address 0x000095d0
                0x40000478                __bss_start = .
                0x40000478                __bss_beg__ = .
 *(.bss)
 .bss           0x40000478        0x0 crt0.o
 .bss           0x40000478        0x0 ./../Source/delay.o
 .bss           0x40000478        0x0 ./../Source/I2C.o
 .bss           0x40000478        0x0 ./../Source/keys.o
 .bss           0x40000478        0x0 ./../Source/lcd.o
 .bss           0x40000478        0x0 ./../Source/leds.o
 .bss           0x40000478        0x0 ./../Source/main.o
 .bss           0x40000478        0x0 ./../Source/mpu6050.o
 .bss           0x40000478        0x6 ./../Source/mpu6050dmp.o
                0x40000478                mpu6050_mpuInterrupt
                0x4000047a                mpu6050_fifoCount
                0x4000047c                mpu6050_mpuIntStatus
 *fill*         0x4000047e        0x2 
 .bss           0x40000480        0xc ./../Source/MRF24J40.o
                0x40000480                zenddoor
                0x40000484                busy
                0x40000488                sequence_number
 .bss           0x4000048c        0x0 ./../Source/pll.o
 .bss           0x4000048c        0x0 ./../Source/spi.o
 .bss           0x4000048c        0x0 ./../Source/uart.o
 .bss           0x4000048c        0x0 ./../Source/vic.o
 .bss           0x4000048c        0x0 c:/hu_armdevenv/dev_tools/yagarto/bin/../lib/gcc/arm-none-eabi/4.7.2/../../../../arm-none-eabi/lib\libm.a(lib_a-w_asin.o)
 .bss           0x4000048c        0x0 c:/hu_armdevenv/dev_tools/yagarto/bin/../lib/gcc/arm-none-eabi/4.7.2/../../../../arm-none-eabi/lib\libm.a(lib_a-w_atan2.o)
 .bss           0x4000048c        0x0 c:/hu_armdevenv/dev_tools/yagarto/bin/../lib/gcc/arm-none-eabi/4.7.2/../../../../arm-none-eabi/lib\libm.a(lib_a-e_asin.o)
 .bss           0x4000048c        0x0 c:/hu_armdevenv/dev_tools/yagarto/bin/../lib/gcc/arm-none-eabi/4.7.2/../../../../arm-none-eabi/lib\libm.a(lib_a-e_atan2.o)
 .bss           0x4000048c        0x0 c:/hu_armdevenv/dev_tools/yagarto/bin/../lib/gcc/arm-none-eabi/4.7.2/../../../../arm-none-eabi/lib\libm.a(lib_a-e_sqrt.o)
 .bss           0x4000048c        0x0 c:/hu_armdevenv/dev_tools/yagarto/bin/../lib/gcc/arm-none-eabi/4.7.2/../../../../arm-none-eabi/lib\libm.a(lib_a-s_atan.o)
 .bss           0x4000048c        0x0 c:/hu_armdevenv/dev_tools/yagarto/bin/../lib/gcc/arm-none-eabi/4.7.2/../../../../arm-none-eabi/lib\libm.a(lib_a-s_fabs.o)
 .bss           0x4000048c        0x0 c:/hu_armdevenv/dev_tools/yagarto/bin/../lib/gcc/arm-none-eabi/4.7.2/../../../../arm-none-eabi/lib\libm.a(lib_a-s_fpclassify.o)
 .bss           0x4000048c        0x0 c:/hu_armdevenv/dev_tools/yagarto/bin/../lib/gcc/arm-none-eabi/4.7.2/../../../../arm-none-eabi/lib\libm.a(lib_a-s_lib_ver.o)
 .bss           0x4000048c        0x0 c:/hu_armdevenv/dev_tools/yagarto/bin/../lib/gcc/arm-none-eabi/4.7.2/../../../../arm-none-eabi/lib\libm.a(lib_a-s_matherr.o)
 .bss           0x4000048c        0x0 c:/hu_armdevenv/dev_tools/yagarto/bin/../lib/gcc/arm-none-eabi/4.7.2/../../../../arm-none-eabi/lib\libm.a(lib_a-s_nan.o)
 .bss           0x4000048c        0x0 c:/hu_armdevenv/dev_tools/yagarto/bin/../lib/gcc/arm-none-eabi/4.7.2\libgcc.a(_udivsi3.o)
 .bss           0x4000048c        0x0 c:/hu_armdevenv/dev_tools/yagarto/bin/../lib/gcc/arm-none-eabi/4.7.2\libgcc.a(_dvmd_tls.o)
 .bss           0x4000048c        0x0 c:/hu_armdevenv/dev_tools/yagarto/bin/../lib/gcc/arm-none-eabi/4.7.2\libgcc.a(_arm_addsubdf3.o)
 .bss           0x4000048c        0x0 c:/hu_armdevenv/dev_tools/yagarto/bin/../lib/gcc/arm-none-eabi/4.7.2\libgcc.a(_arm_muldivdf3.o)
 .bss           0x4000048c        0x0 c:/hu_armdevenv/dev_tools/yagarto/bin/../lib/gcc/arm-none-eabi/4.7.2\libgcc.a(_arm_cmpdf2.o)
 .bss           0x4000048c        0x0 c:/hu_armdevenv/dev_tools/yagarto/bin/../lib/gcc/arm-none-eabi/4.7.2\libgcc.a(_arm_fixdfsi.o)
 .bss           0x4000048c        0x0 c:/hu_armdevenv/dev_tools/yagarto/bin/../lib/gcc/arm-none-eabi/4.7.2\libgcc.a(_arm_addsubsf3.o)
 .bss           0x4000048c        0x0 c:/hu_armdevenv/dev_tools/yagarto/bin/../lib/gcc/arm-none-eabi/4.7.2\libgcc.a(_arm_muldivsf3.o)
 .bss           0x4000048c        0x0 c:/hu_armdevenv/dev_tools/yagarto/bin/../lib/gcc/arm-none-eabi/4.7.2/../../../../arm-none-eabi/lib\libg.a(lib_a-errno.o)
 .bss           0x4000048c        0x0 c:/hu_armdevenv/dev_tools/yagarto/bin/../lib/gcc/arm-none-eabi/4.7.2/../../../../arm-none-eabi/lib\libg.a(lib_a-impure.o)
                0x4000048c                . = ALIGN (0x4)
 COMMON         0x4000048c        0xe ./../Source/mpu6050.o
                0x4000048c                buffer
 *fill*         0x4000049a        0x2 
 COMMON         0x4000049c       0x44 ./../Source/mpu6050dmp.o
                0x4000049c                dmpPacketBuffer
                0x400004a0                mpu6050_fifoBuffer
 COMMON         0x400004e0       0x94 ./../Source/MRF24J40.o
                0x400004e0                MRF24_Rx_Data
                0x40000570                adres2
                0x40000574                . = ALIGN (0x4)
                0x40000574                _end = .
                0x40000574                _bss_end__ = .
                0x40000574                __bss_end__ = .
                0x40000574                __end__ = .
                0x40000574                __bss_end = .
                0x40000574                PROVIDE (end, .)
LOAD ./../Source/delay.o
LOAD ./../Source/I2C.o
LOAD ./../Source/keys.o
LOAD ./../Source/lcd.o
LOAD ./../Source/leds.o
LOAD ./../Source/main.o
LOAD ./../Source/mpu6050.o
LOAD ./../Source/mpu6050dmp.o
LOAD ./../Source/MRF24J40.o
LOAD ./../Source/pll.o
LOAD ./../Source/spi.o
LOAD ./../Source/uart.o
LOAD ./../Source/vic.o
LOAD c:/hu_armdevenv/dev_tools/yagarto/bin/../lib/gcc/arm-none-eabi/4.7.2/../../../../arm-none-eabi/lib\libm.a
START GROUP
LOAD c:/hu_armdevenv/dev_tools/yagarto/bin/../lib/gcc/arm-none-eabi/4.7.2\libgcc.a
LOAD c:/hu_armdevenv/dev_tools/yagarto/bin/../lib/gcc/arm-none-eabi/4.7.2/../../../../arm-none-eabi/lib\libg.a
LOAD c:/hu_armdevenv/dev_tools/yagarto/bin/../lib/gcc/arm-none-eabi/4.7.2/../../../../arm-none-eabi/lib\libc.a
END GROUP
OUTPUT(./../Build/Project.elf elf32-littlearm)

.ARM.attributes
                0x00000000       0x2c
 .ARM.attributes
                0x00000000       0x14 crt0.o
 .ARM.attributes
                0x00000014       0x30 ./../Source/delay.o
 .ARM.attributes
                0x00000044       0x30 ./../Source/I2C.o
 .ARM.attributes
                0x00000074       0x30 ./../Source/keys.o
 .ARM.attributes
                0x000000a4       0x30 ./../Source/lcd.o
 .ARM.attributes
                0x000000d4       0x30 ./../Source/leds.o
 .ARM.attributes
                0x00000104       0x30 ./../Source/main.o
 .ARM.attributes
                0x00000134       0x30 ./../Source/mpu6050.o
 .ARM.attributes
                0x00000164       0x30 ./../Source/mpu6050dmp.o
 .ARM.attributes
                0x00000194       0x30 ./../Source/MRF24J40.o
 .ARM.attributes
                0x000001c4       0x30 ./../Source/pll.o
 .ARM.attributes
                0x000001f4       0x30 ./../Source/spi.o
 .ARM.attributes
                0x00000224       0x30 ./../Source/uart.o
 .ARM.attributes
                0x00000254       0x30 ./../Source/vic.o
 .ARM.attributes
                0x00000284       0x30 c:/hu_armdevenv/dev_tools/yagarto/bin/../lib/gcc/arm-none-eabi/4.7.2/../../../../arm-none-eabi/lib\libm.a(lib_a-w_asin.o)
 .ARM.attributes
                0x000002b4       0x30 c:/hu_armdevenv/dev_tools/yagarto/bin/../lib/gcc/arm-none-eabi/4.7.2/../../../../arm-none-eabi/lib\libm.a(lib_a-w_atan2.o)
 .ARM.attributes
                0x000002e4       0x30 c:/hu_armdevenv/dev_tools/yagarto/bin/../lib/gcc/arm-none-eabi/4.7.2/../../../../arm-none-eabi/lib\libm.a(lib_a-e_asin.o)
 .ARM.attributes
                0x00000314       0x30 c:/hu_armdevenv/dev_tools/yagarto/bin/../lib/gcc/arm-none-eabi/4.7.2/../../../../arm-none-eabi/lib\libm.a(lib_a-e_atan2.o)
 .ARM.attributes
                0x00000344       0x30 c:/hu_armdevenv/dev_tools/yagarto/bin/../lib/gcc/arm-none-eabi/4.7.2/../../../../arm-none-eabi/lib\libm.a(lib_a-e_sqrt.o)
 .ARM.attributes
                0x00000374       0x30 c:/hu_armdevenv/dev_tools/yagarto/bin/../lib/gcc/arm-none-eabi/4.7.2/../../../../arm-none-eabi/lib\libm.a(lib_a-s_atan.o)
 .ARM.attributes
                0x000003a4       0x30 c:/hu_armdevenv/dev_tools/yagarto/bin/../lib/gcc/arm-none-eabi/4.7.2/../../../../arm-none-eabi/lib\libm.a(lib_a-s_fabs.o)
 .ARM.attributes
                0x000003d4       0x30 c:/hu_armdevenv/dev_tools/yagarto/bin/../lib/gcc/arm-none-eabi/4.7.2/../../../../arm-none-eabi/lib\libm.a(lib_a-s_fpclassify.o)
 .ARM.attributes
                0x00000404       0x30 c:/hu_armdevenv/dev_tools/yagarto/bin/../lib/gcc/arm-none-eabi/4.7.2/../../../../arm-none-eabi/lib\libm.a(lib_a-s_lib_ver.o)
 .ARM.attributes
                0x00000434       0x30 c:/hu_armdevenv/dev_tools/yagarto/bin/../lib/gcc/arm-none-eabi/4.7.2/../../../../arm-none-eabi/lib\libm.a(lib_a-s_matherr.o)
 .ARM.attributes
                0x00000464       0x30 c:/hu_armdevenv/dev_tools/yagarto/bin/../lib/gcc/arm-none-eabi/4.7.2/../../../../arm-none-eabi/lib\libm.a(lib_a-s_nan.o)
 .ARM.attributes
                0x00000494       0x18 c:/hu_armdevenv/dev_tools/yagarto/bin/../lib/gcc/arm-none-eabi/4.7.2\libgcc.a(_udivsi3.o)
 .ARM.attributes
                0x000004ac       0x18 c:/hu_armdevenv/dev_tools/yagarto/bin/../lib/gcc/arm-none-eabi/4.7.2\libgcc.a(_dvmd_tls.o)
 .ARM.attributes
                0x000004c4       0x18 c:/hu_armdevenv/dev_tools/yagarto/bin/../lib/gcc/arm-none-eabi/4.7.2\libgcc.a(_arm_addsubdf3.o)
 .ARM.attributes
                0x000004dc       0x18 c:/hu_armdevenv/dev_tools/yagarto/bin/../lib/gcc/arm-none-eabi/4.7.2\libgcc.a(_arm_muldivdf3.o)
 .ARM.attributes
                0x000004f4       0x18 c:/hu_armdevenv/dev_tools/yagarto/bin/../lib/gcc/arm-none-eabi/4.7.2\libgcc.a(_arm_cmpdf2.o)
 .ARM.attributes
                0x0000050c       0x18 c:/hu_armdevenv/dev_tools/yagarto/bin/../lib/gcc/arm-none-eabi/4.7.2\libgcc.a(_arm_fixdfsi.o)
 .ARM.attributes
                0x00000524       0x18 c:/hu_armdevenv/dev_tools/yagarto/bin/../lib/gcc/arm-none-eabi/4.7.2\libgcc.a(_arm_addsubsf3.o)
 .ARM.attributes
                0x0000053c       0x18 c:/hu_armdevenv/dev_tools/yagarto/bin/../lib/gcc/arm-none-eabi/4.7.2\libgcc.a(_arm_muldivsf3.o)
 .ARM.attributes
                0x00000554       0x30 c:/hu_armdevenv/dev_tools/yagarto/bin/../lib/gcc/arm-none-eabi/4.7.2/../../../../arm-none-eabi/lib\libg.a(lib_a-errno.o)
 .ARM.attributes
                0x00000584       0x30 c:/hu_armdevenv/dev_tools/yagarto/bin/../lib/gcc/arm-none-eabi/4.7.2/../../../../arm-none-eabi/lib\libg.a(lib_a-impure.o)

.comment        0x00000000       0x11
 .comment       0x00000000       0x11 ./../Source/delay.o
                                 0x12 (size before relaxing)
 .comment       0x00000000       0x12 ./../Source/I2C.o
 .comment       0x00000000       0x12 ./../Source/keys.o
 .comment       0x00000000       0x12 ./../Source/lcd.o
 .comment       0x00000000       0x12 ./../Source/leds.o
 .comment       0x00000000       0x12 ./../Source/main.o
 .comment       0x00000000       0x12 ./../Source/mpu6050.o
 .comment       0x00000000       0x12 ./../Source/mpu6050dmp.o
 .comment       0x00000000       0x12 ./../Source/MRF24J40.o
 .comment       0x00000000       0x12 ./../Source/pll.o
 .comment       0x00000000       0x12 ./../Source/spi.o
 .comment       0x00000000       0x12 ./../Source/uart.o
 .comment       0x00000000       0x12 ./../Source/vic.o
 .comment       0x00000000       0x12 c:/hu_armdevenv/dev_tools/yagarto/bin/../lib/gcc/arm-none-eabi/4.7.2/../../../../arm-none-eabi/lib\libm.a(lib_a-w_asin.o)
 .comment       0x00000000       0x12 c:/hu_armdevenv/dev_tools/yagarto/bin/../lib/gcc/arm-none-eabi/4.7.2/../../../../arm-none-eabi/lib\libm.a(lib_a-w_atan2.o)
 .comment       0x00000000       0x12 c:/hu_armdevenv/dev_tools/yagarto/bin/../lib/gcc/arm-none-eabi/4.7.2/../../../../arm-none-eabi/lib\libm.a(lib_a-e_asin.o)
 .comment       0x00000000       0x12 c:/hu_armdevenv/dev_tools/yagarto/bin/../lib/gcc/arm-none-eabi/4.7.2/../../../../arm-none-eabi/lib\libm.a(lib_a-e_atan2.o)
 .comment       0x00000000       0x12 c:/hu_armdevenv/dev_tools/yagarto/bin/../lib/gcc/arm-none-eabi/4.7.2/../../../../arm-none-eabi/lib\libm.a(lib_a-e_sqrt.o)
 .comment       0x00000000       0x12 c:/hu_armdevenv/dev_tools/yagarto/bin/../lib/gcc/arm-none-eabi/4.7.2/../../../../arm-none-eabi/lib\libm.a(lib_a-s_atan.o)
 .comment       0x00000000       0x12 c:/hu_armdevenv/dev_tools/yagarto/bin/../lib/gcc/arm-none-eabi/4.7.2/../../../../arm-none-eabi/lib\libm.a(lib_a-s_fabs.o)
 .comment       0x00000000       0x12 c:/hu_armdevenv/dev_tools/yagarto/bin/../lib/gcc/arm-none-eabi/4.7.2/../../../../arm-none-eabi/lib\libm.a(lib_a-s_fpclassify.o)
 .comment       0x00000000       0x12 c:/hu_armdevenv/dev_tools/yagarto/bin/../lib/gcc/arm-none-eabi/4.7.2/../../../../arm-none-eabi/lib\libm.a(lib_a-s_lib_ver.o)
 .comment       0x00000000       0x12 c:/hu_armdevenv/dev_tools/yagarto/bin/../lib/gcc/arm-none-eabi/4.7.2/../../../../arm-none-eabi/lib\libm.a(lib_a-s_matherr.o)
 .comment       0x00000000       0x12 c:/hu_armdevenv/dev_tools/yagarto/bin/../lib/gcc/arm-none-eabi/4.7.2/../../../../arm-none-eabi/lib\libm.a(lib_a-s_nan.o)
 .comment       0x00000000       0x12 c:/hu_armdevenv/dev_tools/yagarto/bin/../lib/gcc/arm-none-eabi/4.7.2/../../../../arm-none-eabi/lib\libg.a(lib_a-errno.o)
 .comment       0x00000000       0x12 c:/hu_armdevenv/dev_tools/yagarto/bin/../lib/gcc/arm-none-eabi/4.7.2/../../../../arm-none-eabi/lib\libg.a(lib_a-impure.o)

.debug_info     0x00000000     0x4fa7
 .debug_info    0x00000000       0xcd ./../Source/delay.o
 .debug_info    0x000000cd      0x5a4 ./../Source/I2C.o
 .debug_info    0x00000671       0xa0 ./../Source/keys.o
 .debug_info    0x00000711      0x271 ./../Source/lcd.o
 .debug_info    0x00000982       0x78 ./../Source/leds.o
 .debug_info    0x000009fa      0x2fb ./../Source/main.o
 .debug_info    0x00000cf5      0x912 ./../Source/mpu6050.o
 .debug_info    0x00001607      0x582 ./../Source/mpu6050dmp.o
 .debug_info    0x00001b89      0x4dd ./../Source/MRF24J40.o
 .debug_info    0x00002066       0x3c ./../Source/pll.o
 .debug_info    0x000020a2      0x136 ./../Source/spi.o
 .debug_info    0x000021d8      0x26a ./../Source/uart.o
 .debug_info    0x00002442       0xd9 ./../Source/vic.o
 .debug_info    0x0000251b      0x281 c:/hu_armdevenv/dev_tools/yagarto/bin/../lib/gcc/arm-none-eabi/4.7.2/../../../../arm-none-eabi/lib\libm.a(lib_a-w_asin.o)
 .debug_info    0x0000279c      0x107 c:/hu_armdevenv/dev_tools/yagarto/bin/../lib/gcc/arm-none-eabi/4.7.2/../../../../arm-none-eabi/lib\libm.a(lib_a-w_atan2.o)
 .debug_info    0x000028a3      0x368 c:/hu_armdevenv/dev_tools/yagarto/bin/../lib/gcc/arm-none-eabi/4.7.2/../../../../arm-none-eabi/lib\libm.a(lib_a-e_asin.o)
 .debug_info    0x00002c0b      0x2d0 c:/hu_armdevenv/dev_tools/yagarto/bin/../lib/gcc/arm-none-eabi/4.7.2/../../../../arm-none-eabi/lib\libm.a(lib_a-e_atan2.o)
 .debug_info    0x00002edb      0x23a c:/hu_armdevenv/dev_tools/yagarto/bin/../lib/gcc/arm-none-eabi/4.7.2/../../../../arm-none-eabi/lib\libm.a(lib_a-e_sqrt.o)
 .debug_info    0x00003115      0x25a c:/hu_armdevenv/dev_tools/yagarto/bin/../lib/gcc/arm-none-eabi/4.7.2/../../../../arm-none-eabi/lib\libm.a(lib_a-s_atan.o)
 .debug_info    0x0000336f      0x13a c:/hu_armdevenv/dev_tools/yagarto/bin/../lib/gcc/arm-none-eabi/4.7.2/../../../../arm-none-eabi/lib\libm.a(lib_a-s_fabs.o)
 .debug_info    0x000034a9       0xdf c:/hu_armdevenv/dev_tools/yagarto/bin/../lib/gcc/arm-none-eabi/4.7.2/../../../../arm-none-eabi/lib\libm.a(lib_a-s_fpclassify.o)
 .debug_info    0x00003588       0xc0 c:/hu_armdevenv/dev_tools/yagarto/bin/../lib/gcc/arm-none-eabi/4.7.2/../../../../arm-none-eabi/lib\libm.a(lib_a-s_lib_ver.o)
 .debug_info    0x00003648      0x139 c:/hu_armdevenv/dev_tools/yagarto/bin/../lib/gcc/arm-none-eabi/4.7.2/../../../../arm-none-eabi/lib\libm.a(lib_a-s_matherr.o)
 .debug_info    0x00003781       0xd5 c:/hu_armdevenv/dev_tools/yagarto/bin/../lib/gcc/arm-none-eabi/4.7.2/../../../../arm-none-eabi/lib\libm.a(lib_a-s_nan.o)
 .debug_info    0x00003856       0x91 c:/hu_armdevenv/dev_tools/yagarto/bin/../lib/gcc/arm-none-eabi/4.7.2\libgcc.a(_udivsi3.o)
 .debug_info    0x000038e7       0x91 c:/hu_armdevenv/dev_tools/yagarto/bin/../lib/gcc/arm-none-eabi/4.7.2\libgcc.a(_dvmd_tls.o)
 .debug_info    0x00003978       0x92 c:/hu_armdevenv/dev_tools/yagarto/bin/../lib/gcc/arm-none-eabi/4.7.2\libgcc.a(_arm_addsubdf3.o)
 .debug_info    0x00003a0a       0x92 c:/hu_armdevenv/dev_tools/yagarto/bin/../lib/gcc/arm-none-eabi/4.7.2\libgcc.a(_arm_muldivdf3.o)
 .debug_info    0x00003a9c       0x92 c:/hu_armdevenv/dev_tools/yagarto/bin/../lib/gcc/arm-none-eabi/4.7.2\libgcc.a(_arm_cmpdf2.o)
 .debug_info    0x00003b2e       0x92 c:/hu_armdevenv/dev_tools/yagarto/bin/../lib/gcc/arm-none-eabi/4.7.2\libgcc.a(_arm_fixdfsi.o)
 .debug_info    0x00003bc0       0x92 c:/hu_armdevenv/dev_tools/yagarto/bin/../lib/gcc/arm-none-eabi/4.7.2\libgcc.a(_arm_addsubsf3.o)
 .debug_info    0x00003c52       0x92 c:/hu_armdevenv/dev_tools/yagarto/bin/../lib/gcc/arm-none-eabi/4.7.2\libgcc.a(_arm_muldivsf3.o)
 .debug_info    0x00003ce4      0x95e c:/hu_armdevenv/dev_tools/yagarto/bin/../lib/gcc/arm-none-eabi/4.7.2/../../../../arm-none-eabi/lib\libg.a(lib_a-errno.o)
 .debug_info    0x00004642      0x965 c:/hu_armdevenv/dev_tools/yagarto/bin/../lib/gcc/arm-none-eabi/4.7.2/../../../../arm-none-eabi/lib\libg.a(lib_a-impure.o)

.debug_abbrev   0x00000000     0x1748
 .debug_abbrev  0x00000000       0x76 ./../Source/delay.o
 .debug_abbrev  0x00000076      0x12b ./../Source/I2C.o
 .debug_abbrev  0x000001a1       0x73 ./../Source/keys.o
 .debug_abbrev  0x00000214       0xac ./../Source/lcd.o
 .debug_abbrev  0x000002c0       0x6f ./../Source/leds.o
 .debug_abbrev  0x0000032f       0xd0 ./../Source/main.o
 .debug_abbrev  0x000003ff      0x142 ./../Source/mpu6050.o
 .debug_abbrev  0x00000541      0x15a ./../Source/mpu6050dmp.o
 .debug_abbrev  0x0000069b      0x18d ./../Source/MRF24J40.o
 .debug_abbrev  0x00000828       0x2c ./../Source/pll.o
 .debug_abbrev  0x00000854       0xb0 ./../Source/spi.o
 .debug_abbrev  0x00000904      0x106 ./../Source/uart.o
 .debug_abbrev  0x00000a0a       0x7c ./../Source/vic.o
 .debug_abbrev  0x00000a86      0x156 c:/hu_armdevenv/dev_tools/yagarto/bin/../lib/gcc/arm-none-eabi/4.7.2/../../../../arm-none-eabi/lib\libm.a(lib_a-w_asin.o)
 .debug_abbrev  0x00000bdc       0x86 c:/hu_armdevenv/dev_tools/yagarto/bin/../lib/gcc/arm-none-eabi/4.7.2/../../../../arm-none-eabi/lib\libm.a(lib_a-w_atan2.o)
 .debug_abbrev  0x00000c62      0x13d c:/hu_armdevenv/dev_tools/yagarto/bin/../lib/gcc/arm-none-eabi/4.7.2/../../../../arm-none-eabi/lib\libm.a(lib_a-e_asin.o)
 .debug_abbrev  0x00000d9f      0x159 c:/hu_armdevenv/dev_tools/yagarto/bin/../lib/gcc/arm-none-eabi/4.7.2/../../../../arm-none-eabi/lib\libm.a(lib_a-e_atan2.o)
 .debug_abbrev  0x00000ef8      0x118 c:/hu_armdevenv/dev_tools/yagarto/bin/../lib/gcc/arm-none-eabi/4.7.2/../../../../arm-none-eabi/lib\libm.a(lib_a-e_sqrt.o)
 .debug_abbrev  0x00001010      0x142 c:/hu_armdevenv/dev_tools/yagarto/bin/../lib/gcc/arm-none-eabi/4.7.2/../../../../arm-none-eabi/lib\libm.a(lib_a-s_atan.o)
 .debug_abbrev  0x00001152       0xb9 c:/hu_armdevenv/dev_tools/yagarto/bin/../lib/gcc/arm-none-eabi/4.7.2/../../../../arm-none-eabi/lib\libm.a(lib_a-s_fabs.o)
 .debug_abbrev  0x0000120b       0x6f c:/hu_armdevenv/dev_tools/yagarto/bin/../lib/gcc/arm-none-eabi/4.7.2/../../../../arm-none-eabi/lib\libm.a(lib_a-s_fpclassify.o)
 .debug_abbrev  0x0000127a       0x4f c:/hu_armdevenv/dev_tools/yagarto/bin/../lib/gcc/arm-none-eabi/4.7.2/../../../../arm-none-eabi/lib\libm.a(lib_a-s_lib_ver.o)
 .debug_abbrev  0x000012c9       0x9a c:/hu_armdevenv/dev_tools/yagarto/bin/../lib/gcc/arm-none-eabi/4.7.2/../../../../arm-none-eabi/lib\libm.a(lib_a-s_matherr.o)
 .debug_abbrev  0x00001363       0x72 c:/hu_armdevenv/dev_tools/yagarto/bin/../lib/gcc/arm-none-eabi/4.7.2/../../../../arm-none-eabi/lib\libm.a(lib_a-s_nan.o)
 .debug_abbrev  0x000013d5       0x14 c:/hu_armdevenv/dev_tools/yagarto/bin/../lib/gcc/arm-none-eabi/4.7.2\libgcc.a(_udivsi3.o)
 .debug_abbrev  0x000013e9       0x14 c:/hu_armdevenv/dev_tools/yagarto/bin/../lib/gcc/arm-none-eabi/4.7.2\libgcc.a(_dvmd_tls.o)
 .debug_abbrev  0x000013fd       0x14 c:/hu_armdevenv/dev_tools/yagarto/bin/../lib/gcc/arm-none-eabi/4.7.2\libgcc.a(_arm_addsubdf3.o)
 .debug_abbrev  0x00001411       0x14 c:/hu_armdevenv/dev_tools/yagarto/bin/../lib/gcc/arm-none-eabi/4.7.2\libgcc.a(_arm_muldivdf3.o)
 .debug_abbrev  0x00001425       0x14 c:/hu_armdevenv/dev_tools/yagarto/bin/../lib/gcc/arm-none-eabi/4.7.2\libgcc.a(_arm_cmpdf2.o)
 .debug_abbrev  0x00001439       0x14 c:/hu_armdevenv/dev_tools/yagarto/bin/../lib/gcc/arm-none-eabi/4.7.2\libgcc.a(_arm_fixdfsi.o)
 .debug_abbrev  0x0000144d       0x14 c:/hu_armdevenv/dev_tools/yagarto/bin/../lib/gcc/arm-none-eabi/4.7.2\libgcc.a(_arm_addsubsf3.o)
 .debug_abbrev  0x00001461       0x14 c:/hu_armdevenv/dev_tools/yagarto/bin/../lib/gcc/arm-none-eabi/4.7.2\libgcc.a(_arm_muldivsf3.o)
 .debug_abbrev  0x00001475      0x171 c:/hu_armdevenv/dev_tools/yagarto/bin/../lib/gcc/arm-none-eabi/4.7.2/../../../../arm-none-eabi/lib\libg.a(lib_a-errno.o)
 .debug_abbrev  0x000015e6      0x162 c:/hu_armdevenv/dev_tools/yagarto/bin/../lib/gcc/arm-none-eabi/4.7.2/../../../../arm-none-eabi/lib\libg.a(lib_a-impure.o)

.debug_loc      0x00000000     0x271d
 .debug_loc     0x00000000       0x84 ./../Source/delay.o
 .debug_loc     0x00000084      0x2c0 ./../Source/I2C.o
 .debug_loc     0x00000344       0x58 ./../Source/keys.o
 .debug_loc     0x0000039c      0x318 ./../Source/lcd.o
 .debug_loc     0x000006b4       0x58 ./../Source/leds.o
 .debug_loc     0x0000070c       0xb0 ./../Source/main.o
 .debug_loc     0x000007bc      0x3c8 ./../Source/mpu6050.o
 .debug_loc     0x00000b84      0x160 ./../Source/mpu6050dmp.o
 .debug_loc     0x00000ce4      0x268 ./../Source/MRF24J40.o
 .debug_loc     0x00000f4c       0x2c ./../Source/pll.o
 .debug_loc     0x00000f78      0x160 ./../Source/spi.o
 .debug_loc     0x000010d8      0x18c ./../Source/uart.o
 .debug_loc     0x00001264       0x84 ./../Source/vic.o
 .debug_loc     0x000012e8       0x8d c:/hu_armdevenv/dev_tools/yagarto/bin/../lib/gcc/arm-none-eabi/4.7.2/../../../../arm-none-eabi/lib\libm.a(lib_a-w_asin.o)
 .debug_loc     0x00001375       0x70 c:/hu_armdevenv/dev_tools/yagarto/bin/../lib/gcc/arm-none-eabi/4.7.2/../../../../arm-none-eabi/lib\libm.a(lib_a-w_atan2.o)
 .debug_loc     0x000013e5      0x5ba c:/hu_armdevenv/dev_tools/yagarto/bin/../lib/gcc/arm-none-eabi/4.7.2/../../../../arm-none-eabi/lib\libm.a(lib_a-e_asin.o)
 .debug_loc     0x0000199f      0x4bb c:/hu_armdevenv/dev_tools/yagarto/bin/../lib/gcc/arm-none-eabi/4.7.2/../../../../arm-none-eabi/lib\libm.a(lib_a-e_atan2.o)
 .debug_loc     0x00001e5a      0x48b c:/hu_armdevenv/dev_tools/yagarto/bin/../lib/gcc/arm-none-eabi/4.7.2/../../../../arm-none-eabi/lib\libm.a(lib_a-e_sqrt.o)
 .debug_loc     0x000022e5      0x37d c:/hu_armdevenv/dev_tools/yagarto/bin/../lib/gcc/arm-none-eabi/4.7.2/../../../../arm-none-eabi/lib\libm.a(lib_a-s_atan.o)
 .debug_loc     0x00002662       0x79 c:/hu_armdevenv/dev_tools/yagarto/bin/../lib/gcc/arm-none-eabi/4.7.2/../../../../arm-none-eabi/lib\libm.a(lib_a-s_fpclassify.o)
 .debug_loc     0x000026db       0x21 c:/hu_armdevenv/dev_tools/yagarto/bin/../lib/gcc/arm-none-eabi/4.7.2/../../../../arm-none-eabi/lib\libm.a(lib_a-s_matherr.o)
 .debug_loc     0x000026fc       0x21 c:/hu_armdevenv/dev_tools/yagarto/bin/../lib/gcc/arm-none-eabi/4.7.2/../../../../arm-none-eabi/lib\libm.a(lib_a-s_nan.o)

.debug_aranges  0x00000000      0x430
 .debug_aranges
                0x00000000       0x20 ./../Source/delay.o
 .debug_aranges
                0x00000020       0x20 ./../Source/I2C.o
 .debug_aranges
                0x00000040       0x20 ./../Source/keys.o
 .debug_aranges
                0x00000060       0x20 ./../Source/lcd.o
 .debug_aranges
                0x00000080       0x20 ./../Source/leds.o
 .debug_aranges
                0x000000a0       0x20 ./../Source/main.o
 .debug_aranges
                0x000000c0       0x20 ./../Source/mpu6050.o
 .debug_aranges
                0x000000e0       0x20 ./../Source/mpu6050dmp.o
 .debug_aranges
                0x00000100       0x20 ./../Source/MRF24J40.o
 .debug_aranges
                0x00000120       0x20 ./../Source/pll.o
 .debug_aranges
                0x00000140       0x20 ./../Source/spi.o
 .debug_aranges
                0x00000160       0x20 ./../Source/uart.o
 .debug_aranges
                0x00000180       0x20 ./../Source/vic.o
 .debug_aranges
                0x000001a0       0x20 c:/hu_armdevenv/dev_tools/yagarto/bin/../lib/gcc/arm-none-eabi/4.7.2/../../../../arm-none-eabi/lib\libm.a(lib_a-w_asin.o)
 .debug_aranges
                0x000001c0       0x20 c:/hu_armdevenv/dev_tools/yagarto/bin/../lib/gcc/arm-none-eabi/4.7.2/../../../../arm-none-eabi/lib\libm.a(lib_a-w_atan2.o)
 .debug_aranges
                0x000001e0       0x20 c:/hu_armdevenv/dev_tools/yagarto/bin/../lib/gcc/arm-none-eabi/4.7.2/../../../../arm-none-eabi/lib\libm.a(lib_a-e_asin.o)
 .debug_aranges
                0x00000200       0x20 c:/hu_armdevenv/dev_tools/yagarto/bin/../lib/gcc/arm-none-eabi/4.7.2/../../../../arm-none-eabi/lib\libm.a(lib_a-e_atan2.o)
 .debug_aranges
                0x00000220       0x20 c:/hu_armdevenv/dev_tools/yagarto/bin/../lib/gcc/arm-none-eabi/4.7.2/../../../../arm-none-eabi/lib\libm.a(lib_a-e_sqrt.o)
 .debug_aranges
                0x00000240       0x20 c:/hu_armdevenv/dev_tools/yagarto/bin/../lib/gcc/arm-none-eabi/4.7.2/../../../../arm-none-eabi/lib\libm.a(lib_a-s_atan.o)
 .debug_aranges
                0x00000260       0x20 c:/hu_armdevenv/dev_tools/yagarto/bin/../lib/gcc/arm-none-eabi/4.7.2/../../../../arm-none-eabi/lib\libm.a(lib_a-s_fabs.o)
 .debug_aranges
                0x00000280       0x20 c:/hu_armdevenv/dev_tools/yagarto/bin/../lib/gcc/arm-none-eabi/4.7.2/../../../../arm-none-eabi/lib\libm.a(lib_a-s_fpclassify.o)
 .debug_aranges
                0x000002a0       0x18 c:/hu_armdevenv/dev_tools/yagarto/bin/../lib/gcc/arm-none-eabi/4.7.2/../../../../arm-none-eabi/lib\libm.a(lib_a-s_lib_ver.o)
 .debug_aranges
                0x000002b8       0x20 c:/hu_armdevenv/dev_tools/yagarto/bin/../lib/gcc/arm-none-eabi/4.7.2/../../../../arm-none-eabi/lib\libm.a(lib_a-s_matherr.o)
 .debug_aranges
                0x000002d8       0x20 c:/hu_armdevenv/dev_tools/yagarto/bin/../lib/gcc/arm-none-eabi/4.7.2/../../../../arm-none-eabi/lib\libm.a(lib_a-s_nan.o)
 .debug_aranges
                0x000002f8       0x20 c:/hu_armdevenv/dev_tools/yagarto/bin/../lib/gcc/arm-none-eabi/4.7.2\libgcc.a(_udivsi3.o)
 .debug_aranges
                0x00000318       0x20 c:/hu_armdevenv/dev_tools/yagarto/bin/../lib/gcc/arm-none-eabi/4.7.2\libgcc.a(_dvmd_tls.o)
 .debug_aranges
                0x00000338       0x20 c:/hu_armdevenv/dev_tools/yagarto/bin/../lib/gcc/arm-none-eabi/4.7.2\libgcc.a(_arm_addsubdf3.o)
 .debug_aranges
                0x00000358       0x20 c:/hu_armdevenv/dev_tools/yagarto/bin/../lib/gcc/arm-none-eabi/4.7.2\libgcc.a(_arm_muldivdf3.o)
 .debug_aranges
                0x00000378       0x20 c:/hu_armdevenv/dev_tools/yagarto/bin/../lib/gcc/arm-none-eabi/4.7.2\libgcc.a(_arm_cmpdf2.o)
 .debug_aranges
                0x00000398       0x20 c:/hu_armdevenv/dev_tools/yagarto/bin/../lib/gcc/arm-none-eabi/4.7.2\libgcc.a(_arm_fixdfsi.o)
 .debug_aranges
                0x000003b8       0x20 c:/hu_armdevenv/dev_tools/yagarto/bin/../lib/gcc/arm-none-eabi/4.7.2\libgcc.a(_arm_addsubsf3.o)
 .debug_aranges
                0x000003d8       0x20 c:/hu_armdevenv/dev_tools/yagarto/bin/../lib/gcc/arm-none-eabi/4.7.2\libgcc.a(_arm_muldivsf3.o)
 .debug_aranges
                0x000003f8       0x20 c:/hu_armdevenv/dev_tools/yagarto/bin/../lib/gcc/arm-none-eabi/4.7.2/../../../../arm-none-eabi/lib\libg.a(lib_a-errno.o)
 .debug_aranges
                0x00000418       0x18 c:/hu_armdevenv/dev_tools/yagarto/bin/../lib/gcc/arm-none-eabi/4.7.2/../../../../arm-none-eabi/lib\libg.a(lib_a-impure.o)

.debug_line     0x00000000     0x23f5
 .debug_line    0x00000000       0x82 ./../Source/delay.o
 .debug_line    0x00000082      0x244 ./../Source/I2C.o
 .debug_line    0x000002c6       0xb1 ./../Source/keys.o
 .debug_line    0x00000377       0xc4 ./../Source/lcd.o
 .debug_line    0x0000043b       0x5a ./../Source/leds.o
 .debug_line    0x00000495      0x13a ./../Source/main.o
 .debug_line    0x000005cf      0x1d9 ./../Source/mpu6050.o
 .debug_line    0x000007a8      0x20a ./../Source/mpu6050dmp.o
 .debug_line    0x000009b2      0x1aa ./../Source/MRF24J40.o
 .debug_line    0x00000b5c       0x52 ./../Source/pll.o
 .debug_line    0x00000bae       0x87 ./../Source/spi.o
 .debug_line    0x00000c35       0xd0 ./../Source/uart.o
 .debug_line    0x00000d05       0x85 ./../Source/vic.o
 .debug_line    0x00000d8a      0x15b c:/hu_armdevenv/dev_tools/yagarto/bin/../lib/gcc/arm-none-eabi/4.7.2/../../../../arm-none-eabi/lib\libm.a(lib_a-w_asin.o)
 .debug_line    0x00000ee5       0xf3 c:/hu_armdevenv/dev_tools/yagarto/bin/../lib/gcc/arm-none-eabi/4.7.2/../../../../arm-none-eabi/lib\libm.a(lib_a-w_atan2.o)
 .debug_line    0x00000fd8      0x1a1 c:/hu_armdevenv/dev_tools/yagarto/bin/../lib/gcc/arm-none-eabi/4.7.2/../../../../arm-none-eabi/lib\libm.a(lib_a-e_asin.o)
 .debug_line    0x00001179      0x1b8 c:/hu_armdevenv/dev_tools/yagarto/bin/../lib/gcc/arm-none-eabi/4.7.2/../../../../arm-none-eabi/lib\libm.a(lib_a-e_atan2.o)
 .debug_line    0x00001331      0x194 c:/hu_armdevenv/dev_tools/yagarto/bin/../lib/gcc/arm-none-eabi/4.7.2/../../../../arm-none-eabi/lib\libm.a(lib_a-e_sqrt.o)
 .debug_line    0x000014c5      0x19c c:/hu_armdevenv/dev_tools/yagarto/bin/../lib/gcc/arm-none-eabi/4.7.2/../../../../arm-none-eabi/lib\libm.a(lib_a-s_atan.o)
 .debug_line    0x00001661      0x149 c:/hu_armdevenv/dev_tools/yagarto/bin/../lib/gcc/arm-none-eabi/4.7.2/../../../../arm-none-eabi/lib\libm.a(lib_a-s_fabs.o)
 .debug_line    0x000017aa      0x11a c:/hu_armdevenv/dev_tools/yagarto/bin/../lib/gcc/arm-none-eabi/4.7.2/../../../../arm-none-eabi/lib\libm.a(lib_a-s_fpclassify.o)
 .debug_line    0x000018c4       0x62 c:/hu_armdevenv/dev_tools/yagarto/bin/../lib/gcc/arm-none-eabi/4.7.2/../../../../arm-none-eabi/lib\libm.a(lib_a-s_lib_ver.o)
 .debug_line    0x00001926       0xb2 c:/hu_armdevenv/dev_tools/yagarto/bin/../lib/gcc/arm-none-eabi/4.7.2/../../../../arm-none-eabi/lib\libm.a(lib_a-s_matherr.o)
 .debug_line    0x000019d8       0xad c:/hu_armdevenv/dev_tools/yagarto/bin/../lib/gcc/arm-none-eabi/4.7.2/../../../../arm-none-eabi/lib\libm.a(lib_a-s_nan.o)
 .debug_line    0x00001a85       0x8a c:/hu_armdevenv/dev_tools/yagarto/bin/../lib/gcc/arm-none-eabi/4.7.2\libgcc.a(_udivsi3.o)
 .debug_line    0x00001b0f       0x61 c:/hu_armdevenv/dev_tools/yagarto/bin/../lib/gcc/arm-none-eabi/4.7.2\libgcc.a(_dvmd_tls.o)
 .debug_line    0x00001b70      0x168 c:/hu_armdevenv/dev_tools/yagarto/bin/../lib/gcc/arm-none-eabi/4.7.2\libgcc.a(_arm_addsubdf3.o)
 .debug_line    0x00001cd8      0x180 c:/hu_armdevenv/dev_tools/yagarto/bin/../lib/gcc/arm-none-eabi/4.7.2\libgcc.a(_arm_muldivdf3.o)
 .debug_line    0x00001e58       0xae c:/hu_armdevenv/dev_tools/yagarto/bin/../lib/gcc/arm-none-eabi/4.7.2\libgcc.a(_arm_cmpdf2.o)
 .debug_line    0x00001f06       0x78 c:/hu_armdevenv/dev_tools/yagarto/bin/../lib/gcc/arm-none-eabi/4.7.2\libgcc.a(_arm_fixdfsi.o)
 .debug_line    0x00001f7e      0x119 c:/hu_armdevenv/dev_tools/yagarto/bin/../lib/gcc/arm-none-eabi/4.7.2\libgcc.a(_arm_addsubsf3.o)
 .debug_line    0x00002097      0x123 c:/hu_armdevenv/dev_tools/yagarto/bin/../lib/gcc/arm-none-eabi/4.7.2\libgcc.a(_arm_muldivsf3.o)
 .debug_line    0x000021ba      0x12b c:/hu_armdevenv/dev_tools/yagarto/bin/../lib/gcc/arm-none-eabi/4.7.2/../../../../arm-none-eabi/lib\libg.a(lib_a-errno.o)
 .debug_line    0x000022e5      0x110 c:/hu_armdevenv/dev_tools/yagarto/bin/../lib/gcc/arm-none-eabi/4.7.2/../../../../arm-none-eabi/lib\libg.a(lib_a-impure.o)

.debug_str      0x00000000     0x15a1
 .debug_str     0x00000000       0x79 ./../Source/delay.o
                                 0x86 (size before relaxing)
 .debug_str     0x00000079      0x137 ./../Source/I2C.o
                                0x19b (size before relaxing)
 .debug_str     0x000001b0       0x23 ./../Source/keys.o
                                 0x8b (size before relaxing)
 .debug_str     0x000001d3      0x12c ./../Source/lcd.o
                                0x187 (size before relaxing)
 .debug_str     0x000002ff       0x2b ./../Source/leds.o
                                 0x86 (size before relaxing)
 .debug_str     0x0000032a       0xee ./../Source/main.o
                                0x17a (size before relaxing)
 .debug_str     0x00000418      0x2f4 ./../Source/mpu6050.o
                                0x394 (size before relaxing)
 .debug_str     0x0000070c      0x1a5 ./../Source/mpu6050dmp.o
                                0x2c2 (size before relaxing)
 .debug_str     0x000008b1      0x21d ./../Source/MRF24J40.o
                                0x2b4 (size before relaxing)
 .debug_str     0x00000ace       0x19 ./../Source/pll.o
                                 0x61 (size before relaxing)
 .debug_str     0x00000ae7       0x87 ./../Source/spi.o
                                 0xf5 (size before relaxing)
 .debug_str     0x00000b6e       0xa3 ./../Source/uart.o
                                0x120 (size before relaxing)
 .debug_str     0x00000c11       0x61 ./../Source/vic.o
                                 0xc2 (size before relaxing)
 .debug_str     0x00000c72      0x135 c:/hu_armdevenv/dev_tools/yagarto/bin/../lib/gcc/arm-none-eabi/4.7.2/../../../../arm-none-eabi/lib\libm.a(lib_a-w_asin.o)
                                0x1ea (size before relaxing)
 .debug_str     0x00000da7       0x48 c:/hu_armdevenv/dev_tools/yagarto/bin/../lib/gcc/arm-none-eabi/4.7.2/../../../../arm-none-eabi/lib\libm.a(lib_a-w_atan2.o)
                                0x14a (size before relaxing)
 .debug_str     0x00000def       0xa4 c:/hu_armdevenv/dev_tools/yagarto/bin/../lib/gcc/arm-none-eabi/4.7.2/../../../../arm-none-eabi/lib\libm.a(lib_a-e_asin.o)
                                0x1ba (size before relaxing)
 .debug_str     0x00000e93       0x65 c:/hu_armdevenv/dev_tools/yagarto/bin/../lib/gcc/arm-none-eabi/4.7.2/../../../../arm-none-eabi/lib\libm.a(lib_a-e_atan2.o)
                                0x1ae (size before relaxing)
 .debug_str     0x00000ef8       0x3c c:/hu_armdevenv/dev_tools/yagarto/bin/../lib/gcc/arm-none-eabi/4.7.2/../../../../arm-none-eabi/lib\libm.a(lib_a-e_sqrt.o)
                                0x18e (size before relaxing)
 .debug_str     0x00000f34       0x45 c:/hu_armdevenv/dev_tools/yagarto/bin/../lib/gcc/arm-none-eabi/4.7.2/../../../../arm-none-eabi/lib\libm.a(lib_a-s_atan.o)
                                0x18d (size before relaxing)
 .debug_str     0x00000f79       0x3c c:/hu_armdevenv/dev_tools/yagarto/bin/../lib/gcc/arm-none-eabi/4.7.2/../../../../arm-none-eabi/lib\libm.a(lib_a-s_fabs.o)
                                0x170 (size before relaxing)
 .debug_str     0x00000fb5       0x86 c:/hu_armdevenv/dev_tools/yagarto/bin/../lib/gcc/arm-none-eabi/4.7.2/../../../../arm-none-eabi/lib\libm.a(lib_a-s_fpclassify.o)
                                0x156 (size before relaxing)
 .debug_str     0x0000103b       0x3c c:/hu_armdevenv/dev_tools/yagarto/bin/../lib/gcc/arm-none-eabi/4.7.2/../../../../arm-none-eabi/lib\libm.a(lib_a-s_lib_ver.o)
                                0x195 (size before relaxing)
 .debug_str     0x00001077       0x3c c:/hu_armdevenv/dev_tools/yagarto/bin/../lib/gcc/arm-none-eabi/4.7.2/../../../../arm-none-eabi/lib\libm.a(lib_a-s_matherr.o)
                                0x167 (size before relaxing)
 .debug_str     0x000010b3       0x38 c:/hu_armdevenv/dev_tools/yagarto/bin/../lib/gcc/arm-none-eabi/4.7.2/../../../../arm-none-eabi/lib\libm.a(lib_a-s_nan.o)
                                0x13d (size before relaxing)
 .debug_str     0x000010eb      0x419 c:/hu_armdevenv/dev_tools/yagarto/bin/../lib/gcc/arm-none-eabi/4.7.2/../../../../arm-none-eabi/lib\libg.a(lib_a-errno.o)
                                0x4de (size before relaxing)
 .debug_str     0x00001504       0x9d c:/hu_armdevenv/dev_tools/yagarto/bin/../lib/gcc/arm-none-eabi/4.7.2/../../../../arm-none-eabi/lib\libg.a(lib_a-impure.o)
                                0x4f6 (size before relaxing)

.debug_frame    0x00000000      0xe6c
 .debug_frame   0x00000000       0x58 ./../Source/delay.o
 .debug_frame   0x00000058      0x1bc ./../Source/I2C.o
 .debug_frame   0x00000214       0x40 ./../Source/keys.o
 .debug_frame   0x00000254      0x200 ./../Source/lcd.o
 .debug_frame   0x00000454       0x40 ./../Source/leds.o
 .debug_frame   0x00000494       0x80 ./../Source/main.o
 .debug_frame   0x00000514      0x27c ./../Source/mpu6050.o
 .debug_frame   0x00000790      0x104 ./../Source/mpu6050dmp.o
 .debug_frame   0x00000894      0x194 ./../Source/MRF24J40.o
 .debug_frame   0x00000a28       0x28 ./../Source/pll.o
 .debug_frame   0x00000a50       0xd0 ./../Source/spi.o
 .debug_frame   0x00000b20       0xf8 ./../Source/uart.o
 .debug_frame   0x00000c18       0x5c ./../Source/vic.o
 .debug_frame   0x00000c74       0x34 c:/hu_armdevenv/dev_tools/yagarto/bin/../lib/gcc/arm-none-eabi/4.7.2/../../../../arm-none-eabi/lib\libm.a(lib_a-w_asin.o)
 .debug_frame   0x00000ca8       0x28 c:/hu_armdevenv/dev_tools/yagarto/bin/../lib/gcc/arm-none-eabi/4.7.2/../../../../arm-none-eabi/lib\libm.a(lib_a-w_atan2.o)
 .debug_frame   0x00000cd0       0x38 c:/hu_armdevenv/dev_tools/yagarto/bin/../lib/gcc/arm-none-eabi/4.7.2/../../../../arm-none-eabi/lib\libm.a(lib_a-e_asin.o)
 .debug_frame   0x00000d08       0x38 c:/hu_armdevenv/dev_tools/yagarto/bin/../lib/gcc/arm-none-eabi/4.7.2/../../../../arm-none-eabi/lib\libm.a(lib_a-e_atan2.o)
 .debug_frame   0x00000d40       0x34 c:/hu_armdevenv/dev_tools/yagarto/bin/../lib/gcc/arm-none-eabi/4.7.2/../../../../arm-none-eabi/lib\libm.a(lib_a-e_sqrt.o)
 .debug_frame   0x00000d74       0x38 c:/hu_armdevenv/dev_tools/yagarto/bin/../lib/gcc/arm-none-eabi/4.7.2/../../../../arm-none-eabi/lib\libm.a(lib_a-s_atan.o)
 .debug_frame   0x00000dac       0x20 c:/hu_armdevenv/dev_tools/yagarto/bin/../lib/gcc/arm-none-eabi/4.7.2/../../../../arm-none-eabi/lib\libm.a(lib_a-s_fabs.o)
 .debug_frame   0x00000dcc       0x20 c:/hu_armdevenv/dev_tools/yagarto/bin/../lib/gcc/arm-none-eabi/4.7.2/../../../../arm-none-eabi/lib\libm.a(lib_a-s_fpclassify.o)
 .debug_frame   0x00000dec       0x20 c:/hu_armdevenv/dev_tools/yagarto/bin/../lib/gcc/arm-none-eabi/4.7.2/../../../../arm-none-eabi/lib\libm.a(lib_a-s_matherr.o)
 .debug_frame   0x00000e0c       0x20 c:/hu_armdevenv/dev_tools/yagarto/bin/../lib/gcc/arm-none-eabi/4.7.2/../../../../arm-none-eabi/lib\libm.a(lib_a-s_nan.o)
 .debug_frame   0x00000e2c       0x20 c:/hu_armdevenv/dev_tools/yagarto/bin/../lib/gcc/arm-none-eabi/4.7.2\libgcc.a(_udivsi3.o)
 .debug_frame   0x00000e4c       0x20 c:/hu_armdevenv/dev_tools/yagarto/bin/../lib/gcc/arm-none-eabi/4.7.2/../../../../arm-none-eabi/lib\libg.a(lib_a-errno.o)

.debug_ranges   0x00000000       0x88
 .debug_ranges  0x00000000       0x30 c:/hu_armdevenv/dev_tools/yagarto/bin/../lib/gcc/arm-none-eabi/4.7.2/../../../../arm-none-eabi/lib\libm.a(lib_a-e_asin.o)
 .debug_ranges  0x00000030       0x28 c:/hu_armdevenv/dev_tools/yagarto/bin/../lib/gcc/arm-none-eabi/4.7.2/../../../../arm-none-eabi/lib\libm.a(lib_a-e_atan2.o)
 .debug_ranges  0x00000058       0x30 c:/hu_armdevenv/dev_tools/yagarto/bin/../lib/gcc/arm-none-eabi/4.7.2/../../../../arm-none-eabi/lib\libm.a(lib_a-s_atan.o)
